Archive member included because of file (symbol)

/usr/local/lpcxpresso_4.3.0_1025/lpcxpresso/tools/bin/../lib/gcc/arm-none-eabi/4.5.1/../../../../arm-none-eabi/lib/armv6-m/libcr_semihost.a(_cr__main.o)
                              ./startup/cr_startup_lpc11.o (__main)
/usr/local/lpcxpresso_4.3.0_1025/lpcxpresso/tools/bin/../lib/gcc/arm-none-eabi/4.5.1/../../../../arm-none-eabi/lib/armv6-m/libcr_c.a(initio.o)
                              /usr/local/lpcxpresso_4.3.0_1025/lpcxpresso/tools/bin/../lib/gcc/arm-none-eabi/4.5.1/../../../../arm-none-eabi/lib/armv6-m/libcr_semihost.a(_cr__main.o) (_initio)
/usr/local/lpcxpresso_4.3.0_1025/lpcxpresso/tools/bin/../lib/gcc/arm-none-eabi/4.5.1/../../../../arm-none-eabi/lib/armv6-m/libcr_c.a(setvbuf.o)
                              /usr/local/lpcxpresso_4.3.0_1025/lpcxpresso/tools/bin/../lib/gcc/arm-none-eabi/4.5.1/../../../../arm-none-eabi/lib/armv6-m/libcr_c.a(initio.o) (setvbuf)
/usr/local/lpcxpresso_4.3.0_1025/lpcxpresso/tools/bin/../lib/gcc/arm-none-eabi/4.5.1/../../../../arm-none-eabi/lib/armv6-m/libcr_c.a(stdio.o)
                              /usr/local/lpcxpresso_4.3.0_1025/lpcxpresso/tools/bin/../lib/gcc/arm-none-eabi/4.5.1/../../../../arm-none-eabi/lib/armv6-m/libcr_c.a(initio.o) (__Ciob)
/usr/local/lpcxpresso_4.3.0_1025/lpcxpresso/tools/bin/../lib/gcc/arm-none-eabi/4.5.1/../../../../arm-none-eabi/lib/armv6-m/libcr_c.a(memset.o)
                              /usr/local/lpcxpresso_4.3.0_1025/lpcxpresso/tools/bin/../lib/gcc/arm-none-eabi/4.5.1/../../../../arm-none-eabi/lib/armv6-m/libcr_c.a(initio.o) (memset)
/usr/local/lpcxpresso_4.3.0_1025/lpcxpresso/tools/bin/../lib/gcc/arm-none-eabi/4.5.1/../../../../arm-none-eabi/lib/armv6-m/libcr_c.a(__fillbuf.o)
                              /usr/local/lpcxpresso_4.3.0_1025/lpcxpresso/tools/bin/../lib/gcc/arm-none-eabi/4.5.1/../../../../arm-none-eabi/lib/armv6-m/libcr_c.a(stdio.o) (__filbuf)
/usr/local/lpcxpresso_4.3.0_1025/lpcxpresso/tools/bin/../lib/gcc/arm-none-eabi/4.5.1/../../../../arm-none-eabi/lib/armv6-m/libcr_c.a(_deferredlazyseek.o)
                              /usr/local/lpcxpresso_4.3.0_1025/lpcxpresso/tools/bin/../lib/gcc/arm-none-eabi/4.5.1/../../../../arm-none-eabi/lib/armv6-m/libcr_c.a(__fillbuf.o) (_deferredlazyseek)
/usr/local/lpcxpresso_4.3.0_1025/lpcxpresso/tools/bin/../lib/gcc/arm-none-eabi/4.5.1/../../../../arm-none-eabi/lib/armv6-m/libcr_c.a(_fdopen.o)
                              /usr/local/lpcxpresso_4.3.0_1025/lpcxpresso/tools/bin/../lib/gcc/arm-none-eabi/4.5.1/../../../../arm-none-eabi/lib/armv6-m/libcr_c.a(initio.o) (_fdopen)
/usr/local/lpcxpresso_4.3.0_1025/lpcxpresso/tools/bin/../lib/gcc/arm-none-eabi/4.5.1/../../../../arm-none-eabi/lib/armv6-m/libcr_c.a(_fflush.o)
                              /usr/local/lpcxpresso_4.3.0_1025/lpcxpresso/tools/bin/../lib/gcc/arm-none-eabi/4.5.1/../../../../arm-none-eabi/lib/armv6-m/libcr_c.a(__fillbuf.o) (_fflush)
/usr/local/lpcxpresso_4.3.0_1025/lpcxpresso/tools/bin/../lib/gcc/arm-none-eabi/4.5.1/../../../../arm-none-eabi/lib/armv6-m/libcr_c.a(_writebuf.o)
                              /usr/local/lpcxpresso_4.3.0_1025/lpcxpresso/tools/bin/../lib/gcc/arm-none-eabi/4.5.1/../../../../arm-none-eabi/lib/armv6-m/libcr_c.a(_deferredlazyseek.o) (_Cwritebuf)
/usr/local/lpcxpresso_4.3.0_1025/lpcxpresso/tools/bin/../lib/gcc/arm-none-eabi/4.5.1/../../../../arm-none-eabi/lib/armv6-m/libcr_c.a(alloc.o)
                              /usr/local/lpcxpresso_4.3.0_1025/lpcxpresso/tools/bin/../lib/gcc/arm-none-eabi/4.5.1/../../../../arm-none-eabi/lib/armv6-m/libcr_c.a(initio.o) (_Csys_alloc)
/usr/local/lpcxpresso_4.3.0_1025/lpcxpresso/tools/bin/../lib/gcc/arm-none-eabi/4.5.1/../../../../arm-none-eabi/lib/armv6-m/libcr_c.a(fclose.o)
                              /usr/local/lpcxpresso_4.3.0_1025/lpcxpresso/tools/bin/../lib/gcc/arm-none-eabi/4.5.1/../../../../arm-none-eabi/lib/armv6-m/libcr_c.a(initio.o) (fclose)
/usr/local/lpcxpresso_4.3.0_1025/lpcxpresso/tools/bin/../lib/gcc/arm-none-eabi/4.5.1/../../../../arm-none-eabi/lib/armv6-m/libcr_c.a(fflush.o)
                              /usr/local/lpcxpresso_4.3.0_1025/lpcxpresso/tools/bin/../lib/gcc/arm-none-eabi/4.5.1/../../../../arm-none-eabi/lib/armv6-m/libcr_c.a(fclose.o) (fflush)
/usr/local/lpcxpresso_4.3.0_1025/lpcxpresso/tools/bin/../lib/gcc/arm-none-eabi/4.5.1/../../../../arm-none-eabi/lib/armv6-m/libcr_c.a(fseek.o)
                              /usr/local/lpcxpresso_4.3.0_1025/lpcxpresso/tools/bin/../lib/gcc/arm-none-eabi/4.5.1/../../../../arm-none-eabi/lib/armv6-m/libcr_c.a(_deferredlazyseek.o) (fseek)
/usr/local/lpcxpresso_4.3.0_1025/lpcxpresso/tools/bin/../lib/gcc/arm-none-eabi/4.5.1/../../../../arm-none-eabi/lib/armv6-m/libcr_c.a(ftell.o)
                              /usr/local/lpcxpresso_4.3.0_1025/lpcxpresso/tools/bin/../lib/gcc/arm-none-eabi/4.5.1/../../../../arm-none-eabi/lib/armv6-m/libcr_c.a(fseek.o) (ftell)
/usr/local/lpcxpresso_4.3.0_1025/lpcxpresso/tools/bin/../lib/gcc/arm-none-eabi/4.5.1/../../../../arm-none-eabi/lib/armv6-m/libcr_c.a(remove.o)
                              /usr/local/lpcxpresso_4.3.0_1025/lpcxpresso/tools/bin/../lib/gcc/arm-none-eabi/4.5.1/../../../../arm-none-eabi/lib/armv6-m/libcr_c.a(fclose.o) (remove)
/usr/local/lpcxpresso_4.3.0_1025/lpcxpresso/tools/bin/../lib/gcc/arm-none-eabi/4.5.1/../../../../arm-none-eabi/lib/armv6-m/libcr_c.a(strlen.o)
                              /usr/local/lpcxpresso_4.3.0_1025/lpcxpresso/tools/bin/../lib/gcc/arm-none-eabi/4.5.1/../../../../arm-none-eabi/lib/armv6-m/libcr_c.a(remove.o) (strlen)
/usr/local/lpcxpresso_4.3.0_1025/lpcxpresso/tools/bin/../lib/gcc/arm-none-eabi/4.5.1/../../../../arm-none-eabi/lib/armv6-m/libcr_c.a(memcpy.o)
                              /usr/local/lpcxpresso_4.3.0_1025/lpcxpresso/tools/bin/../lib/gcc/arm-none-eabi/4.5.1/../../../../arm-none-eabi/lib/armv6-m/libcr_c.a(alloc.o) (memcpy)
/usr/local/lpcxpresso_4.3.0_1025/lpcxpresso/tools/bin/../lib/gcc/arm-none-eabi/4.5.1/../../../../arm-none-eabi/lib/armv6-m/libcr_c.a(__init_alloc.o)
                              /usr/local/lpcxpresso_4.3.0_1025/lpcxpresso/tools/bin/../lib/gcc/arm-none-eabi/4.5.1/../../../../arm-none-eabi/lib/armv6-m/libcr_c.a(alloc.o) (__heaps)
/usr/local/lpcxpresso_4.3.0_1025/lpcxpresso/tools/bin/../lib/gcc/arm-none-eabi/4.5.1/../../../../arm-none-eabi/lib/armv6-m/libcr_c.a(_do_fflush.o)
                              /usr/local/lpcxpresso_4.3.0_1025/lpcxpresso/tools/bin/../lib/gcc/arm-none-eabi/4.5.1/../../../../arm-none-eabi/lib/armv6-m/libcr_c.a(fflush.o) (_do_fflush)
/usr/local/lpcxpresso_4.3.0_1025/lpcxpresso/tools/bin/../lib/gcc/arm-none-eabi/4.5.1/../../../../arm-none-eabi/lib/armv6-m/libcr_c.a(errno.o)
                              /usr/local/lpcxpresso_4.3.0_1025/lpcxpresso/tools/bin/../lib/gcc/arm-none-eabi/4.5.1/../../../../arm-none-eabi/lib/armv6-m/libcr_c.a(ftell.o) (errno)
/usr/local/lpcxpresso_4.3.0_1025/lpcxpresso/tools/bin/../lib/gcc/arm-none-eabi/4.5.1/armv6-m/libcr_eabihelpers.a(division.o)
                              ./src/blinky_main.o (__aeabi_uidiv)
/usr/local/lpcxpresso_4.3.0_1025/lpcxpresso/tools/bin/../lib/gcc/arm-none-eabi/4.5.1/armv6-m/libcr_eabihelpers.a(memcpy.o)
                              /usr/local/lpcxpresso_4.3.0_1025/lpcxpresso/tools/bin/../lib/gcc/arm-none-eabi/4.5.1/../../../../arm-none-eabi/lib/armv6-m/libcr_c.a(memcpy.o) (__aeabi_memcpy)
/usr/local/lpcxpresso_4.3.0_1025/lpcxpresso/tools/bin/../lib/gcc/arm-none-eabi/4.5.1/../../../../arm-none-eabi/lib/armv6-m/libcr_semihost.a(__sys_appexit.o)
                              /usr/local/lpcxpresso_4.3.0_1025/lpcxpresso/tools/bin/../lib/gcc/arm-none-eabi/4.5.1/../../../../arm-none-eabi/lib/armv6-m/libcr_c.a(alloc.o) (__sys_appexit)
/usr/local/lpcxpresso_4.3.0_1025/lpcxpresso/tools/bin/../lib/gcc/arm-none-eabi/4.5.1/../../../../arm-none-eabi/lib/armv6-m/libcr_semihost.a(__sys_close.o)
                              /usr/local/lpcxpresso_4.3.0_1025/lpcxpresso/tools/bin/../lib/gcc/arm-none-eabi/4.5.1/../../../../arm-none-eabi/lib/armv6-m/libcr_c.a(fclose.o) (__sys_close)
/usr/local/lpcxpresso_4.3.0_1025/lpcxpresso/tools/bin/../lib/gcc/arm-none-eabi/4.5.1/../../../../arm-none-eabi/lib/armv6-m/libcr_semihost.a(__sys_flen.o)
                              /usr/local/lpcxpresso_4.3.0_1025/lpcxpresso/tools/bin/../lib/gcc/arm-none-eabi/4.5.1/../../../../arm-none-eabi/lib/armv6-m/libcr_c.a(_writebuf.o) (__sys_flen)
/usr/local/lpcxpresso_4.3.0_1025/lpcxpresso/tools/bin/../lib/gcc/arm-none-eabi/4.5.1/../../../../arm-none-eabi/lib/armv6-m/libcr_semihost.a(__sys_istty.o)
                              /usr/local/lpcxpresso_4.3.0_1025/lpcxpresso/tools/bin/../lib/gcc/arm-none-eabi/4.5.1/../../../../arm-none-eabi/lib/armv6-m/libcr_c.a(_deferredlazyseek.o) (__sys_istty)
/usr/local/lpcxpresso_4.3.0_1025/lpcxpresso/tools/bin/../lib/gcc/arm-none-eabi/4.5.1/../../../../arm-none-eabi/lib/armv6-m/libcr_semihost.a(__sys_read.o)
                              /usr/local/lpcxpresso_4.3.0_1025/lpcxpresso/tools/bin/../lib/gcc/arm-none-eabi/4.5.1/../../../../arm-none-eabi/lib/armv6-m/libcr_c.a(__fillbuf.o) (__sys_read)
/usr/local/lpcxpresso_4.3.0_1025/lpcxpresso/tools/bin/../lib/gcc/arm-none-eabi/4.5.1/../../../../arm-none-eabi/lib/armv6-m/libcr_semihost.a(__sys_readc.o)
                              /usr/local/lpcxpresso_4.3.0_1025/lpcxpresso/tools/bin/../lib/gcc/arm-none-eabi/4.5.1/../../../../arm-none-eabi/lib/armv6-m/libcr_c.a(__fillbuf.o) (__sys_readc)
/usr/local/lpcxpresso_4.3.0_1025/lpcxpresso/tools/bin/../lib/gcc/arm-none-eabi/4.5.1/../../../../arm-none-eabi/lib/armv6-m/libcr_semihost.a(__sys_remove.o)
                              /usr/local/lpcxpresso_4.3.0_1025/lpcxpresso/tools/bin/../lib/gcc/arm-none-eabi/4.5.1/../../../../arm-none-eabi/lib/armv6-m/libcr_c.a(remove.o) (__sys_remove)
/usr/local/lpcxpresso_4.3.0_1025/lpcxpresso/tools/bin/../lib/gcc/arm-none-eabi/4.5.1/../../../../arm-none-eabi/lib/armv6-m/libcr_semihost.a(__sys_rename.o)
                              /usr/local/lpcxpresso_4.3.0_1025/lpcxpresso/tools/bin/../lib/gcc/arm-none-eabi/4.5.1/../../../../arm-none-eabi/lib/armv6-m/libcr_c.a(remove.o) (__sys_rename)
/usr/local/lpcxpresso_4.3.0_1025/lpcxpresso/tools/bin/../lib/gcc/arm-none-eabi/4.5.1/../../../../arm-none-eabi/lib/armv6-m/libcr_semihost.a(__sys_seek.o)
                              /usr/local/lpcxpresso_4.3.0_1025/lpcxpresso/tools/bin/../lib/gcc/arm-none-eabi/4.5.1/../../../../arm-none-eabi/lib/armv6-m/libcr_c.a(__fillbuf.o) (__sys_seek)
/usr/local/lpcxpresso_4.3.0_1025/lpcxpresso/tools/bin/../lib/gcc/arm-none-eabi/4.5.1/../../../../arm-none-eabi/lib/armv6-m/libcr_semihost.a(__sys_tmpnam.o)
                              /usr/local/lpcxpresso_4.3.0_1025/lpcxpresso/tools/bin/../lib/gcc/arm-none-eabi/4.5.1/../../../../arm-none-eabi/lib/armv6-m/libcr_c.a(fclose.o) (__sys_tmpnam)
/usr/local/lpcxpresso_4.3.0_1025/lpcxpresso/tools/bin/../lib/gcc/arm-none-eabi/4.5.1/../../../../arm-none-eabi/lib/armv6-m/libcr_semihost.a(__sys_write.o)
                              /usr/local/lpcxpresso_4.3.0_1025/lpcxpresso/tools/bin/../lib/gcc/arm-none-eabi/4.5.1/../../../../arm-none-eabi/lib/armv6-m/libcr_c.a(_writebuf.o) (__sys_write)
/usr/local/lpcxpresso_4.3.0_1025/lpcxpresso/tools/bin/../lib/gcc/arm-none-eabi/4.5.1/../../../../arm-none-eabi/lib/armv6-m/libcr_semihost.a(_cr_sbrk.o)
                              /usr/local/lpcxpresso_4.3.0_1025/lpcxpresso/tools/bin/../lib/gcc/arm-none-eabi/4.5.1/../../../../arm-none-eabi/lib/armv6-m/libcr_c.a(alloc.o) (_sbrk)
/usr/local/lpcxpresso_4.3.0_1025/lpcxpresso/tools/bin/../lib/gcc/arm-none-eabi/4.5.1/../../../../arm-none-eabi/lib/armv6-m/libcr_semihost.a(_cr_check_heap.o)
                              /usr/local/lpcxpresso_4.3.0_1025/lpcxpresso/tools/bin/../lib/gcc/arm-none-eabi/4.5.1/../../../../arm-none-eabi/lib/armv6-m/libcr_semihost.a(_cr_sbrk.o) (__check_heap_overflow)

Allocating common symbols
Common symbol       size              file

I2CReadLength       0x4               ./driver/i2c.o
I2CSlaveBuffer      0x40              ./driver/i2c.o
_extra              0x4               /usr/local/lpcxpresso_4.3.0_1025/lpcxpresso/tools/bin/../lib/gcc/arm-none-eabi/4.5.1/../../../../arm-none-eabi/lib/armv6-m/libcr_c.a(initio.o)
UARTBuffer          0x40              ./driver/uart.o
I2CMode             0x4               ./driver/i2c.o
I2CMasterBuffer     0x40              ./driver/i2c.o
UARTStatus          0x4               ./driver/uart.o
I2CWriteLength      0x4               ./driver/i2c.o
ADCValue            0x20              ./driver/adc.o
__heaps             0x4               /usr/local/lpcxpresso_4.3.0_1025/lpcxpresso/tools/bin/../lib/gcc/arm-none-eabi/4.5.1/../../../../arm-none-eabi/lib/armv6-m/libcr_c.a(__init_alloc.o)
__end_of_heap       0x4               /usr/local/lpcxpresso_4.3.0_1025/lpcxpresso/tools/bin/../lib/gcc/arm-none-eabi/4.5.1/../../../../arm-none-eabi/lib/armv6-m/libcr_c.a(__init_alloc.o)
__Ciob              0x140             /usr/local/lpcxpresso_4.3.0_1025/lpcxpresso/tools/bin/../lib/gcc/arm-none-eabi/4.5.1/../../../../arm-none-eabi/lib/armv6-m/libcr_c.a(stdio.o)

Discarded input sections

 .text          0x00000000        0x0 ./startup/cr_startup_lpc11.o
 .data          0x00000000        0x0 ./startup/cr_startup_lpc11.o
 .bss           0x00000000        0x0 ./startup/cr_startup_lpc11.o
 .text          0x00000000        0x0 ./src/blinky_main.o
 .data          0x00000000        0x0 ./src/blinky_main.o
 .bss           0x00000000        0x0 ./src/blinky_main.o
 .rodata.LPC_GPIO
                0x00000000       0x10 ./src/blinky_main.o
 .text          0x00000000        0x0 ./driver/adc.o
 .data          0x00000000        0x0 ./driver/adc.o
 .bss           0x00000000        0x0 ./driver/adc.o
 .text.NVIC_EnableIRQ
                0x00000000       0x2c ./driver/adc.o
 .text.ADCInit  0x00000000      0x138 ./driver/adc.o
 .text.ADCRead  0x00000000       0x54 ./driver/adc.o
 .text.ADCBurstRead
                0x00000000       0x48 ./driver/adc.o
 .text          0x00000000        0x0 ./driver/clkconfig.o
 .data          0x00000000        0x0 ./driver/clkconfig.o
 .bss           0x00000000        0x0 ./driver/clkconfig.o
 .text.WDT_CLK_Setup
                0x00000000       0x6c ./driver/clkconfig.o
 .text.CLKOUT_Setup
                0x00000000       0x4c ./driver/clkconfig.o
 .text          0x00000000        0x0 ./driver/gpio.o
 .data          0x00000000        0x0 ./driver/gpio.o
 .bss           0x00000000        0x0 ./driver/gpio.o
 .text.GPIOSetInterrupt
                0x00000000      0x334 ./driver/gpio.o
 .text.GPIOIntEnable
                0x00000000       0xa8 ./driver/gpio.o
 .text.GPIOIntDisable
                0x00000000       0xa8 ./driver/gpio.o
 .text.GPIOIntStatus
                0x00000000       0xbc ./driver/gpio.o
 .text.GPIOIntClear
                0x00000000       0xa8 ./driver/gpio.o
 .text          0x00000000        0x0 ./driver/i2c.o
 .data          0x00000000        0x0 ./driver/i2c.o
 .bss           0x00000000        0x0 ./driver/i2c.o
 .text.NVIC_EnableIRQ
                0x00000000       0x2c ./driver/i2c.o
 .bss.I2CMasterState
                0x00000000        0x4 ./driver/i2c.o
 .bss.I2CSlaveState
                0x00000000        0x4 ./driver/i2c.o
 .bss.timeout   0x00000000        0x4 ./driver/i2c.o
 .bss.I2CCount  0x00000000        0x4 ./driver/i2c.o
 .bss.RdIndex   0x00000000        0x4 ./driver/i2c.o
 .bss.WrIndex   0x00000000        0x4 ./driver/i2c.o
 .text.I2CStart
                0x00000000       0x50 ./driver/i2c.o
 .text.I2CStop  0x00000000       0x30 ./driver/i2c.o
 .text.I2CInit  0x00000000       0xa0 ./driver/i2c.o
 .text.I2CEngine
                0x00000000       0x6c ./driver/i2c.o
 COMMON         0x00000000       0x8c ./driver/i2c.o
 .text          0x00000000        0x0 ./driver/ssp.o
 .data          0x00000000        0x0 ./driver/ssp.o
 .bss           0x00000000        0x0 ./driver/ssp.o
 .text.NVIC_EnableIRQ
                0x00000000       0x2c ./driver/ssp.o
 .rodata.LPC_GPIO
                0x00000000       0x10 ./driver/ssp.o
 .text.SSP_IOConfig
                0x00000000      0x164 ./driver/ssp.o
 .text.SSP_Init
                0x00000000       0xcc ./driver/ssp.o
 .text.SSP_Send
                0x00000000       0xc0 ./driver/ssp.o
 .text.SSP_Receive
                0x00000000       0x8c ./driver/ssp.o
 .text          0x00000000        0x0 ./driver/timer16.o
 .data          0x00000000        0x0 ./driver/timer16.o
 .bss           0x00000000        0x0 ./driver/timer16.o
 .text.NVIC_EnableIRQ
                0x00000000       0x2c ./driver/timer16.o
 .bss.timer16_0_period
                0x00000000        0x4 ./driver/timer16.o
 .bss.timer16_1_period
                0x00000000        0x4 ./driver/timer16.o
 .text.delayMs  0x00000000       0xc8 ./driver/timer16.o
 .text.enable_timer16
                0x00000000       0x30 ./driver/timer16.o
 .text.disable_timer16
                0x00000000       0x30 ./driver/timer16.o
 .text.reset_timer16
                0x00000000       0x4c ./driver/timer16.o
 .text.init_timer16
                0x00000000      0x174 ./driver/timer16.o
 .text.init_timer16PWM
                0x00000000      0x224 ./driver/timer16.o
 .text.setMatch_timer16PWM
                0x00000000       0xa0 ./driver/timer16.o
 .text          0x00000000        0x0 ./driver/timer32.o
 .data          0x00000000        0x0 ./driver/timer32.o
 .bss           0x00000000        0x0 ./driver/timer32.o
 .bss.timer32_0_period
                0x00000000        0x4 ./driver/timer32.o
 .bss.timer32_1_period
                0x00000000        0x4 ./driver/timer32.o
 .text.delay32Ms
                0x00000000       0xe4 ./driver/timer32.o
 .text.disable_timer32
                0x00000000       0x30 ./driver/timer32.o
 .text.reset_timer32
                0x00000000       0x4c ./driver/timer32.o
 .text.init_timer32PWM
                0x00000000      0x23c ./driver/timer32.o
 .text.setMatch_timer32PWM
                0x00000000       0xa0 ./driver/timer32.o
 .text          0x00000000        0x0 ./driver/uart.o
 .data          0x00000000        0x0 ./driver/uart.o
 .bss           0x00000000        0x0 ./driver/uart.o
 .text.NVIC_EnableIRQ
                0x00000000       0x2c ./driver/uart.o
 .text.NVIC_DisableIRQ
                0x00000000       0x30 ./driver/uart.o
 .data.UARTTxEmpty
                0x00000000        0x1 ./driver/uart.o
 .bss.UARTCount
                0x00000000        0x4 ./driver/uart.o
 .text.ModemInit
                0x00000000       0xd8 ./driver/uart.o
 .text.UARTInit
                0x00000000      0x120 ./driver/uart.o
 .text.UARTSend
                0x00000000       0x40 ./driver/uart.o
 COMMON         0x00000000       0x44 ./driver/uart.o
 .text          0x00000000        0x0 ./cmsis/core_cm0.o
 .data          0x00000000        0x0 ./cmsis/core_cm0.o
 .bss           0x00000000        0x0 ./cmsis/core_cm0.o
 .text.__get_PSP
                0x00000000       0x10 ./cmsis/core_cm0.o
 .text.__set_PSP
                0x00000000        0x8 ./cmsis/core_cm0.o
 .text.__get_MSP
                0x00000000       0x10 ./cmsis/core_cm0.o
 .text.__set_MSP
                0x00000000        0x8 ./cmsis/core_cm0.o
 .text.__get_PRIMASK
                0x00000000       0x1c ./cmsis/core_cm0.o
 .text.__set_PRIMASK
                0x00000000       0x14 ./cmsis/core_cm0.o
 .text.__get_CONTROL
                0x00000000       0x1c ./cmsis/core_cm0.o
 .text.__set_CONTROL
                0x00000000       0x14 ./cmsis/core_cm0.o
 .text.__REV    0x00000000       0x1c ./cmsis/core_cm0.o
 .text.__REV16  0x00000000       0x24 ./cmsis/core_cm0.o
 .text.__REVSH  0x00000000       0x24 ./cmsis/core_cm0.o
 .text          0x00000000        0x0 ./cmsis/system_LPC11xx.o
 .data          0x00000000        0x0 ./cmsis/system_LPC11xx.o
 .bss           0x00000000        0x0 ./cmsis/system_LPC11xx.o
 .text          0x00000000        0x0 /usr/local/lpcxpresso_4.3.0_1025/lpcxpresso/tools/bin/../lib/gcc/arm-none-eabi/4.5.1/../../../../arm-none-eabi/lib/armv6-m/libcr_semihost.a(_cr__main.o)
 .data          0x00000000        0x0 /usr/local/lpcxpresso_4.3.0_1025/lpcxpresso/tools/bin/../lib/gcc/arm-none-eabi/4.5.1/../../../../arm-none-eabi/lib/armv6-m/libcr_semihost.a(_cr__main.o)
 .bss           0x00000000        0x0 /usr/local/lpcxpresso_4.3.0_1025/lpcxpresso/tools/bin/../lib/gcc/arm-none-eabi/4.5.1/../../../../arm-none-eabi/lib/armv6-m/libcr_semihost.a(_cr__main.o)
 .text          0x00000000        0x0 /usr/local/lpcxpresso_4.3.0_1025/lpcxpresso/tools/bin/../lib/gcc/arm-none-eabi/4.5.1/../../../../arm-none-eabi/lib/armv6-m/libcr_c.a(initio.o)
 .data          0x00000000        0x0 /usr/local/lpcxpresso_4.3.0_1025/lpcxpresso/tools/bin/../lib/gcc/arm-none-eabi/4.5.1/../../../../arm-none-eabi/lib/armv6-m/libcr_c.a(initio.o)
 .bss           0x00000000        0x0 /usr/local/lpcxpresso_4.3.0_1025/lpcxpresso/tools/bin/../lib/gcc/arm-none-eabi/4.5.1/../../../../arm-none-eabi/lib/armv6-m/libcr_c.a(initio.o)
 .text._terminateio
                0x00000000       0x44 /usr/local/lpcxpresso_4.3.0_1025/lpcxpresso/tools/bin/../lib/gcc/arm-none-eabi/4.5.1/../../../../arm-none-eabi/lib/armv6-m/libcr_c.a(initio.o)
 .text          0x00000000        0x0 /usr/local/lpcxpresso_4.3.0_1025/lpcxpresso/tools/bin/../lib/gcc/arm-none-eabi/4.5.1/../../../../arm-none-eabi/lib/armv6-m/libcr_c.a(setvbuf.o)
 .data          0x00000000        0x0 /usr/local/lpcxpresso_4.3.0_1025/lpcxpresso/tools/bin/../lib/gcc/arm-none-eabi/4.5.1/../../../../arm-none-eabi/lib/armv6-m/libcr_c.a(setvbuf.o)
 .bss           0x00000000        0x0 /usr/local/lpcxpresso_4.3.0_1025/lpcxpresso/tools/bin/../lib/gcc/arm-none-eabi/4.5.1/../../../../arm-none-eabi/lib/armv6-m/libcr_c.a(setvbuf.o)
 .text          0x00000000        0x0 /usr/local/lpcxpresso_4.3.0_1025/lpcxpresso/tools/bin/../lib/gcc/arm-none-eabi/4.5.1/../../../../arm-none-eabi/lib/armv6-m/libcr_c.a(stdio.o)
 .data          0x00000000        0x0 /usr/local/lpcxpresso_4.3.0_1025/lpcxpresso/tools/bin/../lib/gcc/arm-none-eabi/4.5.1/../../../../arm-none-eabi/lib/armv6-m/libcr_c.a(stdio.o)
 .bss           0x00000000        0x0 /usr/local/lpcxpresso_4.3.0_1025/lpcxpresso/tools/bin/../lib/gcc/arm-none-eabi/4.5.1/../../../../arm-none-eabi/lib/armv6-m/libcr_c.a(stdio.o)
 .text.fgetc    0x00000000       0x1e /usr/local/lpcxpresso_4.3.0_1025/lpcxpresso/tools/bin/../lib/gcc/arm-none-eabi/4.5.1/../../../../arm-none-eabi/lib/armv6-m/libcr_c.a(stdio.o)
 .text.fputc    0x00000000       0x1e /usr/local/lpcxpresso_4.3.0_1025/lpcxpresso/tools/bin/../lib/gcc/arm-none-eabi/4.5.1/../../../../arm-none-eabi/lib/armv6-m/libcr_c.a(stdio.o)
 .text.getc     0x00000000       0x1e /usr/local/lpcxpresso_4.3.0_1025/lpcxpresso/tools/bin/../lib/gcc/arm-none-eabi/4.5.1/../../../../arm-none-eabi/lib/armv6-m/libcr_c.a(stdio.o)
 .text.getchar  0x00000000       0x24 /usr/local/lpcxpresso_4.3.0_1025/lpcxpresso/tools/bin/../lib/gcc/arm-none-eabi/4.5.1/../../../../arm-none-eabi/lib/armv6-m/libcr_c.a(stdio.o)
 .text.putc     0x00000000       0x1e /usr/local/lpcxpresso_4.3.0_1025/lpcxpresso/tools/bin/../lib/gcc/arm-none-eabi/4.5.1/../../../../arm-none-eabi/lib/armv6-m/libcr_c.a(stdio.o)
 .text.putchar  0x00000000       0x28 /usr/local/lpcxpresso_4.3.0_1025/lpcxpresso/tools/bin/../lib/gcc/arm-none-eabi/4.5.1/../../../../arm-none-eabi/lib/armv6-m/libcr_c.a(stdio.o)
 .text.feof     0x00000000        0x8 /usr/local/lpcxpresso_4.3.0_1025/lpcxpresso/tools/bin/../lib/gcc/arm-none-eabi/4.5.1/../../../../arm-none-eabi/lib/armv6-m/libcr_c.a(stdio.o)
 .text.ferror   0x00000000        0x8 /usr/local/lpcxpresso_4.3.0_1025/lpcxpresso/tools/bin/../lib/gcc/arm-none-eabi/4.5.1/../../../../arm-none-eabi/lib/armv6-m/libcr_c.a(stdio.o)
 .text.clearerr
                0x00000000       0x10 /usr/local/lpcxpresso_4.3.0_1025/lpcxpresso/tools/bin/../lib/gcc/arm-none-eabi/4.5.1/../../../../arm-none-eabi/lib/armv6-m/libcr_c.a(stdio.o)
 .text          0x00000000        0x0 /usr/local/lpcxpresso_4.3.0_1025/lpcxpresso/tools/bin/../lib/gcc/arm-none-eabi/4.5.1/../../../../arm-none-eabi/lib/armv6-m/libcr_c.a(memset.o)
 .data          0x00000000        0x0 /usr/local/lpcxpresso_4.3.0_1025/lpcxpresso/tools/bin/../lib/gcc/arm-none-eabi/4.5.1/../../../../arm-none-eabi/lib/armv6-m/libcr_c.a(memset.o)
 .bss           0x00000000        0x0 /usr/local/lpcxpresso_4.3.0_1025/lpcxpresso/tools/bin/../lib/gcc/arm-none-eabi/4.5.1/../../../../arm-none-eabi/lib/armv6-m/libcr_c.a(memset.o)
 .text          0x00000000        0x0 /usr/local/lpcxpresso_4.3.0_1025/lpcxpresso/tools/bin/../lib/gcc/arm-none-eabi/4.5.1/../../../../arm-none-eabi/lib/armv6-m/libcr_c.a(__fillbuf.o)
 .data          0x00000000        0x0 /usr/local/lpcxpresso_4.3.0_1025/lpcxpresso/tools/bin/../lib/gcc/arm-none-eabi/4.5.1/../../../../arm-none-eabi/lib/armv6-m/libcr_c.a(__fillbuf.o)
 .bss           0x00000000        0x0 /usr/local/lpcxpresso_4.3.0_1025/lpcxpresso/tools/bin/../lib/gcc/arm-none-eabi/4.5.1/../../../../arm-none-eabi/lib/armv6-m/libcr_c.a(__fillbuf.o)
 .text._Csys_read_
                0x00000000       0x22 /usr/local/lpcxpresso_4.3.0_1025/lpcxpresso/tools/bin/../lib/gcc/arm-none-eabi/4.5.1/../../../../arm-none-eabi/lib/armv6-m/libcr_c.a(__fillbuf.o)
 .text.__filbuf
                0x00000000      0x18c /usr/local/lpcxpresso_4.3.0_1025/lpcxpresso/tools/bin/../lib/gcc/arm-none-eabi/4.5.1/../../../../arm-none-eabi/lib/armv6-m/libcr_c.a(__fillbuf.o)
 .text._fillb2  0x00000000       0x1c /usr/local/lpcxpresso_4.3.0_1025/lpcxpresso/tools/bin/../lib/gcc/arm-none-eabi/4.5.1/../../../../arm-none-eabi/lib/armv6-m/libcr_c.a(__fillbuf.o)
 .text          0x00000000        0x0 /usr/local/lpcxpresso_4.3.0_1025/lpcxpresso/tools/bin/../lib/gcc/arm-none-eabi/4.5.1/../../../../arm-none-eabi/lib/armv6-m/libcr_c.a(_deferredlazyseek.o)
 .data          0x00000000        0x0 /usr/local/lpcxpresso_4.3.0_1025/lpcxpresso/tools/bin/../lib/gcc/arm-none-eabi/4.5.1/../../../../arm-none-eabi/lib/armv6-m/libcr_c.a(_deferredlazyseek.o)
 .bss           0x00000000        0x0 /usr/local/lpcxpresso_4.3.0_1025/lpcxpresso/tools/bin/../lib/gcc/arm-none-eabi/4.5.1/../../../../arm-none-eabi/lib/armv6-m/libcr_c.a(_deferredlazyseek.o)
 .text.__flsbuf
                0x00000000      0x158 /usr/local/lpcxpresso_4.3.0_1025/lpcxpresso/tools/bin/../lib/gcc/arm-none-eabi/4.5.1/../../../../arm-none-eabi/lib/armv6-m/libcr_c.a(_deferredlazyseek.o)
 .text          0x00000000        0x0 /usr/local/lpcxpresso_4.3.0_1025/lpcxpresso/tools/bin/../lib/gcc/arm-none-eabi/4.5.1/../../../../arm-none-eabi/lib/armv6-m/libcr_c.a(_fdopen.o)
 .data          0x00000000        0x0 /usr/local/lpcxpresso_4.3.0_1025/lpcxpresso/tools/bin/../lib/gcc/arm-none-eabi/4.5.1/../../../../arm-none-eabi/lib/armv6-m/libcr_c.a(_fdopen.o)
 .bss           0x00000000        0x0 /usr/local/lpcxpresso_4.3.0_1025/lpcxpresso/tools/bin/../lib/gcc/arm-none-eabi/4.5.1/../../../../arm-none-eabi/lib/armv6-m/libcr_c.a(_fdopen.o)
 .text          0x00000000        0x0 /usr/local/lpcxpresso_4.3.0_1025/lpcxpresso/tools/bin/../lib/gcc/arm-none-eabi/4.5.1/../../../../arm-none-eabi/lib/armv6-m/libcr_c.a(_fflush.o)
 .data          0x00000000        0x0 /usr/local/lpcxpresso_4.3.0_1025/lpcxpresso/tools/bin/../lib/gcc/arm-none-eabi/4.5.1/../../../../arm-none-eabi/lib/armv6-m/libcr_c.a(_fflush.o)
 .bss           0x00000000        0x0 /usr/local/lpcxpresso_4.3.0_1025/lpcxpresso/tools/bin/../lib/gcc/arm-none-eabi/4.5.1/../../../../arm-none-eabi/lib/armv6-m/libcr_c.a(_fflush.o)
 .text          0x00000000        0x0 /usr/local/lpcxpresso_4.3.0_1025/lpcxpresso/tools/bin/../lib/gcc/arm-none-eabi/4.5.1/../../../../arm-none-eabi/lib/armv6-m/libcr_c.a(_writebuf.o)
 .data          0x00000000        0x0 /usr/local/lpcxpresso_4.3.0_1025/lpcxpresso/tools/bin/../lib/gcc/arm-none-eabi/4.5.1/../../../../arm-none-eabi/lib/armv6-m/libcr_c.a(_writebuf.o)
 .bss           0x00000000        0x0 /usr/local/lpcxpresso_4.3.0_1025/lpcxpresso/tools/bin/../lib/gcc/arm-none-eabi/4.5.1/../../../../arm-none-eabi/lib/armv6-m/libcr_c.a(_writebuf.o)
 .text          0x00000000        0x0 /usr/local/lpcxpresso_4.3.0_1025/lpcxpresso/tools/bin/../lib/gcc/arm-none-eabi/4.5.1/../../../../arm-none-eabi/lib/armv6-m/libcr_c.a(alloc.o)
 .data          0x00000000        0x0 /usr/local/lpcxpresso_4.3.0_1025/lpcxpresso/tools/bin/../lib/gcc/arm-none-eabi/4.5.1/../../../../arm-none-eabi/lib/armv6-m/libcr_c.a(alloc.o)
 .bss           0x00000000        0x0 /usr/local/lpcxpresso_4.3.0_1025/lpcxpresso/tools/bin/../lib/gcc/arm-none-eabi/4.5.1/../../../../arm-none-eabi/lib/armv6-m/libcr_c.a(alloc.o)
 .text.calloc   0x00000000       0x5c /usr/local/lpcxpresso_4.3.0_1025/lpcxpresso/tools/bin/../lib/gcc/arm-none-eabi/4.5.1/../../../../arm-none-eabi/lib/armv6-m/libcr_c.a(alloc.o)
 .text.realloc  0x00000000       0x1e /usr/local/lpcxpresso_4.3.0_1025/lpcxpresso/tools/bin/../lib/gcc/arm-none-eabi/4.5.1/../../../../arm-none-eabi/lib/armv6-m/libcr_c.a(alloc.o)
 .text          0x00000000        0x0 /usr/local/lpcxpresso_4.3.0_1025/lpcxpresso/tools/bin/../lib/gcc/arm-none-eabi/4.5.1/../../../../arm-none-eabi/lib/armv6-m/libcr_c.a(fclose.o)
 .data          0x00000000        0x0 /usr/local/lpcxpresso_4.3.0_1025/lpcxpresso/tools/bin/../lib/gcc/arm-none-eabi/4.5.1/../../../../arm-none-eabi/lib/armv6-m/libcr_c.a(fclose.o)
 .bss           0x00000000        0x0 /usr/local/lpcxpresso_4.3.0_1025/lpcxpresso/tools/bin/../lib/gcc/arm-none-eabi/4.5.1/../../../../arm-none-eabi/lib/armv6-m/libcr_c.a(fclose.o)
 .text          0x00000000        0x0 /usr/local/lpcxpresso_4.3.0_1025/lpcxpresso/tools/bin/../lib/gcc/arm-none-eabi/4.5.1/../../../../arm-none-eabi/lib/armv6-m/libcr_c.a(fflush.o)
 .data          0x00000000        0x0 /usr/local/lpcxpresso_4.3.0_1025/lpcxpresso/tools/bin/../lib/gcc/arm-none-eabi/4.5.1/../../../../arm-none-eabi/lib/armv6-m/libcr_c.a(fflush.o)
 .bss           0x00000000        0x0 /usr/local/lpcxpresso_4.3.0_1025/lpcxpresso/tools/bin/../lib/gcc/arm-none-eabi/4.5.1/../../../../arm-none-eabi/lib/armv6-m/libcr_c.a(fflush.o)
 .text          0x00000000        0x0 /usr/local/lpcxpresso_4.3.0_1025/lpcxpresso/tools/bin/../lib/gcc/arm-none-eabi/4.5.1/../../../../arm-none-eabi/lib/armv6-m/libcr_c.a(fseek.o)
 .data          0x00000000        0x0 /usr/local/lpcxpresso_4.3.0_1025/lpcxpresso/tools/bin/../lib/gcc/arm-none-eabi/4.5.1/../../../../arm-none-eabi/lib/armv6-m/libcr_c.a(fseek.o)
 .bss           0x00000000        0x0 /usr/local/lpcxpresso_4.3.0_1025/lpcxpresso/tools/bin/../lib/gcc/arm-none-eabi/4.5.1/../../../../arm-none-eabi/lib/armv6-m/libcr_c.a(fseek.o)
 .text          0x00000000        0x0 /usr/local/lpcxpresso_4.3.0_1025/lpcxpresso/tools/bin/../lib/gcc/arm-none-eabi/4.5.1/../../../../arm-none-eabi/lib/armv6-m/libcr_c.a(ftell.o)
 .data          0x00000000        0x0 /usr/local/lpcxpresso_4.3.0_1025/lpcxpresso/tools/bin/../lib/gcc/arm-none-eabi/4.5.1/../../../../arm-none-eabi/lib/armv6-m/libcr_c.a(ftell.o)
 .bss           0x00000000        0x0 /usr/local/lpcxpresso_4.3.0_1025/lpcxpresso/tools/bin/../lib/gcc/arm-none-eabi/4.5.1/../../../../arm-none-eabi/lib/armv6-m/libcr_c.a(ftell.o)
 .text          0x00000000        0x0 /usr/local/lpcxpresso_4.3.0_1025/lpcxpresso/tools/bin/../lib/gcc/arm-none-eabi/4.5.1/../../../../arm-none-eabi/lib/armv6-m/libcr_c.a(remove.o)
 .data          0x00000000        0x0 /usr/local/lpcxpresso_4.3.0_1025/lpcxpresso/tools/bin/../lib/gcc/arm-none-eabi/4.5.1/../../../../arm-none-eabi/lib/armv6-m/libcr_c.a(remove.o)
 .bss           0x00000000        0x0 /usr/local/lpcxpresso_4.3.0_1025/lpcxpresso/tools/bin/../lib/gcc/arm-none-eabi/4.5.1/../../../../arm-none-eabi/lib/armv6-m/libcr_c.a(remove.o)
 .text.rename   0x00000000       0x28 /usr/local/lpcxpresso_4.3.0_1025/lpcxpresso/tools/bin/../lib/gcc/arm-none-eabi/4.5.1/../../../../arm-none-eabi/lib/armv6-m/libcr_c.a(remove.o)
 .text          0x00000000        0x0 /usr/local/lpcxpresso_4.3.0_1025/lpcxpresso/tools/bin/../lib/gcc/arm-none-eabi/4.5.1/../../../../arm-none-eabi/lib/armv6-m/libcr_c.a(strlen.o)
 .data          0x00000000        0x0 /usr/local/lpcxpresso_4.3.0_1025/lpcxpresso/tools/bin/../lib/gcc/arm-none-eabi/4.5.1/../../../../arm-none-eabi/lib/armv6-m/libcr_c.a(strlen.o)
 .bss           0x00000000        0x0 /usr/local/lpcxpresso_4.3.0_1025/lpcxpresso/tools/bin/../lib/gcc/arm-none-eabi/4.5.1/../../../../arm-none-eabi/lib/armv6-m/libcr_c.a(strlen.o)
 .text          0x00000000        0x0 /usr/local/lpcxpresso_4.3.0_1025/lpcxpresso/tools/bin/../lib/gcc/arm-none-eabi/4.5.1/../../../../arm-none-eabi/lib/armv6-m/libcr_c.a(memcpy.o)
 .data          0x00000000        0x0 /usr/local/lpcxpresso_4.3.0_1025/lpcxpresso/tools/bin/../lib/gcc/arm-none-eabi/4.5.1/../../../../arm-none-eabi/lib/armv6-m/libcr_c.a(memcpy.o)
 .bss           0x00000000        0x0 /usr/local/lpcxpresso_4.3.0_1025/lpcxpresso/tools/bin/../lib/gcc/arm-none-eabi/4.5.1/../../../../arm-none-eabi/lib/armv6-m/libcr_c.a(memcpy.o)
 .text.memcpy   0x00000000        0x8 /usr/local/lpcxpresso_4.3.0_1025/lpcxpresso/tools/bin/../lib/gcc/arm-none-eabi/4.5.1/../../../../arm-none-eabi/lib/armv6-m/libcr_c.a(memcpy.o)
 .text          0x00000000        0x0 /usr/local/lpcxpresso_4.3.0_1025/lpcxpresso/tools/bin/../lib/gcc/arm-none-eabi/4.5.1/../../../../arm-none-eabi/lib/armv6-m/libcr_c.a(__init_alloc.o)
 .data          0x00000000        0x0 /usr/local/lpcxpresso_4.3.0_1025/lpcxpresso/tools/bin/../lib/gcc/arm-none-eabi/4.5.1/../../../../arm-none-eabi/lib/armv6-m/libcr_c.a(__init_alloc.o)
 .bss           0x00000000        0x0 /usr/local/lpcxpresso_4.3.0_1025/lpcxpresso/tools/bin/../lib/gcc/arm-none-eabi/4.5.1/../../../../arm-none-eabi/lib/armv6-m/libcr_c.a(__init_alloc.o)
 .text._init_alloc
                0x00000000       0x14 /usr/local/lpcxpresso_4.3.0_1025/lpcxpresso/tools/bin/../lib/gcc/arm-none-eabi/4.5.1/../../../../arm-none-eabi/lib/armv6-m/libcr_c.a(__init_alloc.o)
 .text          0x00000000        0x0 /usr/local/lpcxpresso_4.3.0_1025/lpcxpresso/tools/bin/../lib/gcc/arm-none-eabi/4.5.1/../../../../arm-none-eabi/lib/armv6-m/libcr_c.a(_do_fflush.o)
 .data          0x00000000        0x0 /usr/local/lpcxpresso_4.3.0_1025/lpcxpresso/tools/bin/../lib/gcc/arm-none-eabi/4.5.1/../../../../arm-none-eabi/lib/armv6-m/libcr_c.a(_do_fflush.o)
 .bss           0x00000000        0x0 /usr/local/lpcxpresso_4.3.0_1025/lpcxpresso/tools/bin/../lib/gcc/arm-none-eabi/4.5.1/../../../../arm-none-eabi/lib/armv6-m/libcr_c.a(_do_fflush.o)
 .text          0x00000000        0x0 /usr/local/lpcxpresso_4.3.0_1025/lpcxpresso/tools/bin/../lib/gcc/arm-none-eabi/4.5.1/../../../../arm-none-eabi/lib/armv6-m/libcr_c.a(errno.o)
 .data          0x00000000        0x0 /usr/local/lpcxpresso_4.3.0_1025/lpcxpresso/tools/bin/../lib/gcc/arm-none-eabi/4.5.1/../../../../arm-none-eabi/lib/armv6-m/libcr_c.a(errno.o)
 .bss           0x00000000        0x0 /usr/local/lpcxpresso_4.3.0_1025/lpcxpresso/tools/bin/../lib/gcc/arm-none-eabi/4.5.1/../../../../arm-none-eabi/lib/armv6-m/libcr_c.a(errno.o)
 .text          0x00000000        0x0 /usr/local/lpcxpresso_4.3.0_1025/lpcxpresso/tools/bin/../lib/gcc/arm-none-eabi/4.5.1/armv6-m/libcr_eabihelpers.a(division.o)
 .data          0x00000000        0x0 /usr/local/lpcxpresso_4.3.0_1025/lpcxpresso/tools/bin/../lib/gcc/arm-none-eabi/4.5.1/armv6-m/libcr_eabihelpers.a(division.o)
 .bss           0x00000000        0x0 /usr/local/lpcxpresso_4.3.0_1025/lpcxpresso/tools/bin/../lib/gcc/arm-none-eabi/4.5.1/armv6-m/libcr_eabihelpers.a(division.o)
 .text.__aeabi_division_idivmod
                0x00000000        0x6 /usr/local/lpcxpresso_4.3.0_1025/lpcxpresso/tools/bin/../lib/gcc/arm-none-eabi/4.5.1/armv6-m/libcr_eabihelpers.a(division.o)
 .text.__aeabi_division_uldivmod
                0x00000000       0x5a /usr/local/lpcxpresso_4.3.0_1025/lpcxpresso/tools/bin/../lib/gcc/arm-none-eabi/4.5.1/armv6-m/libcr_eabihelpers.a(division.o)
 .text.__aeabi_division_ldivmod
                0x00000000       0x32 /usr/local/lpcxpresso_4.3.0_1025/lpcxpresso/tools/bin/../lib/gcc/arm-none-eabi/4.5.1/armv6-m/libcr_eabihelpers.a(division.o)
 .text.__aeabi_division_ldiv0
                0x00000000        0x2 /usr/local/lpcxpresso_4.3.0_1025/lpcxpresso/tools/bin/../lib/gcc/arm-none-eabi/4.5.1/armv6-m/libcr_eabihelpers.a(division.o)
 .text.__aeabi_division_idivq31+15
                0x00000000      0x188 /usr/local/lpcxpresso_4.3.0_1025/lpcxpresso/tools/bin/../lib/gcc/arm-none-eabi/4.5.1/armv6-m/libcr_eabihelpers.a(division.o)
 .text          0x00000000        0x0 /usr/local/lpcxpresso_4.3.0_1025/lpcxpresso/tools/bin/../lib/gcc/arm-none-eabi/4.5.1/armv6-m/libcr_eabihelpers.a(memcpy.o)
 .data          0x00000000        0x0 /usr/local/lpcxpresso_4.3.0_1025/lpcxpresso/tools/bin/../lib/gcc/arm-none-eabi/4.5.1/armv6-m/libcr_eabihelpers.a(memcpy.o)
 .bss           0x00000000        0x0 /usr/local/lpcxpresso_4.3.0_1025/lpcxpresso/tools/bin/../lib/gcc/arm-none-eabi/4.5.1/armv6-m/libcr_eabihelpers.a(memcpy.o)
 .text.__aeabi_memcpy
                0x00000000       0x2c /usr/local/lpcxpresso_4.3.0_1025/lpcxpresso/tools/bin/../lib/gcc/arm-none-eabi/4.5.1/armv6-m/libcr_eabihelpers.a(memcpy.o)
 .text.__aeabi_memmove
                0x00000000       0x1c /usr/local/lpcxpresso_4.3.0_1025/lpcxpresso/tools/bin/../lib/gcc/arm-none-eabi/4.5.1/armv6-m/libcr_eabihelpers.a(memcpy.o)
 .text.__aeabi_memclr
                0x00000000        0x6 /usr/local/lpcxpresso_4.3.0_1025/lpcxpresso/tools/bin/../lib/gcc/arm-none-eabi/4.5.1/armv6-m/libcr_eabihelpers.a(memcpy.o)
 .text.__aeabi_memset
                0x00000000        0x8 /usr/local/lpcxpresso_4.3.0_1025/lpcxpresso/tools/bin/../lib/gcc/arm-none-eabi/4.5.1/armv6-m/libcr_eabihelpers.a(memcpy.o)
 .text          0x00000000        0x0 /usr/local/lpcxpresso_4.3.0_1025/lpcxpresso/tools/bin/../lib/gcc/arm-none-eabi/4.5.1/../../../../arm-none-eabi/lib/armv6-m/libcr_semihost.a(__sys_appexit.o)
 .data          0x00000000        0x0 /usr/local/lpcxpresso_4.3.0_1025/lpcxpresso/tools/bin/../lib/gcc/arm-none-eabi/4.5.1/../../../../arm-none-eabi/lib/armv6-m/libcr_semihost.a(__sys_appexit.o)
 .bss           0x00000000        0x0 /usr/local/lpcxpresso_4.3.0_1025/lpcxpresso/tools/bin/../lib/gcc/arm-none-eabi/4.5.1/../../../../arm-none-eabi/lib/armv6-m/libcr_semihost.a(__sys_appexit.o)
 .text          0x00000000        0x0 /usr/local/lpcxpresso_4.3.0_1025/lpcxpresso/tools/bin/../lib/gcc/arm-none-eabi/4.5.1/../../../../arm-none-eabi/lib/armv6-m/libcr_semihost.a(__sys_close.o)
 .data          0x00000000        0x0 /usr/local/lpcxpresso_4.3.0_1025/lpcxpresso/tools/bin/../lib/gcc/arm-none-eabi/4.5.1/../../../../arm-none-eabi/lib/armv6-m/libcr_semihost.a(__sys_close.o)
 .bss           0x00000000        0x0 /usr/local/lpcxpresso_4.3.0_1025/lpcxpresso/tools/bin/../lib/gcc/arm-none-eabi/4.5.1/../../../../arm-none-eabi/lib/armv6-m/libcr_semihost.a(__sys_close.o)
 .text          0x00000000        0x0 /usr/local/lpcxpresso_4.3.0_1025/lpcxpresso/tools/bin/../lib/gcc/arm-none-eabi/4.5.1/../../../../arm-none-eabi/lib/armv6-m/libcr_semihost.a(__sys_flen.o)
 .data          0x00000000        0x0 /usr/local/lpcxpresso_4.3.0_1025/lpcxpresso/tools/bin/../lib/gcc/arm-none-eabi/4.5.1/../../../../arm-none-eabi/lib/armv6-m/libcr_semihost.a(__sys_flen.o)
 .bss           0x00000000        0x0 /usr/local/lpcxpresso_4.3.0_1025/lpcxpresso/tools/bin/../lib/gcc/arm-none-eabi/4.5.1/../../../../arm-none-eabi/lib/armv6-m/libcr_semihost.a(__sys_flen.o)
 .text          0x00000000        0x0 /usr/local/lpcxpresso_4.3.0_1025/lpcxpresso/tools/bin/../lib/gcc/arm-none-eabi/4.5.1/../../../../arm-none-eabi/lib/armv6-m/libcr_semihost.a(__sys_istty.o)
 .data          0x00000000        0x0 /usr/local/lpcxpresso_4.3.0_1025/lpcxpresso/tools/bin/../lib/gcc/arm-none-eabi/4.5.1/../../../../arm-none-eabi/lib/armv6-m/libcr_semihost.a(__sys_istty.o)
 .bss           0x00000000        0x0 /usr/local/lpcxpresso_4.3.0_1025/lpcxpresso/tools/bin/../lib/gcc/arm-none-eabi/4.5.1/../../../../arm-none-eabi/lib/armv6-m/libcr_semihost.a(__sys_istty.o)
 .text          0x00000000        0x0 /usr/local/lpcxpresso_4.3.0_1025/lpcxpresso/tools/bin/../lib/gcc/arm-none-eabi/4.5.1/../../../../arm-none-eabi/lib/armv6-m/libcr_semihost.a(__sys_read.o)
 .data          0x00000000        0x0 /usr/local/lpcxpresso_4.3.0_1025/lpcxpresso/tools/bin/../lib/gcc/arm-none-eabi/4.5.1/../../../../arm-none-eabi/lib/armv6-m/libcr_semihost.a(__sys_read.o)
 .bss           0x00000000        0x0 /usr/local/lpcxpresso_4.3.0_1025/lpcxpresso/tools/bin/../lib/gcc/arm-none-eabi/4.5.1/../../../../arm-none-eabi/lib/armv6-m/libcr_semihost.a(__sys_read.o)
 .text.__sys_read
                0x00000000        0xc /usr/local/lpcxpresso_4.3.0_1025/lpcxpresso/tools/bin/../lib/gcc/arm-none-eabi/4.5.1/../../../../arm-none-eabi/lib/armv6-m/libcr_semihost.a(__sys_read.o)
 .text          0x00000000        0x0 /usr/local/lpcxpresso_4.3.0_1025/lpcxpresso/tools/bin/../lib/gcc/arm-none-eabi/4.5.1/../../../../arm-none-eabi/lib/armv6-m/libcr_semihost.a(__sys_readc.o)
 .data          0x00000000        0x0 /usr/local/lpcxpresso_4.3.0_1025/lpcxpresso/tools/bin/../lib/gcc/arm-none-eabi/4.5.1/../../../../arm-none-eabi/lib/armv6-m/libcr_semihost.a(__sys_readc.o)
 .bss           0x00000000        0x0 /usr/local/lpcxpresso_4.3.0_1025/lpcxpresso/tools/bin/../lib/gcc/arm-none-eabi/4.5.1/../../../../arm-none-eabi/lib/armv6-m/libcr_semihost.a(__sys_readc.o)
 .text.__sys_readc
                0x00000000        0x8 /usr/local/lpcxpresso_4.3.0_1025/lpcxpresso/tools/bin/../lib/gcc/arm-none-eabi/4.5.1/../../../../arm-none-eabi/lib/armv6-m/libcr_semihost.a(__sys_readc.o)
 .text          0x00000000        0x0 /usr/local/lpcxpresso_4.3.0_1025/lpcxpresso/tools/bin/../lib/gcc/arm-none-eabi/4.5.1/../../../../arm-none-eabi/lib/armv6-m/libcr_semihost.a(__sys_remove.o)
 .data          0x00000000        0x0 /usr/local/lpcxpresso_4.3.0_1025/lpcxpresso/tools/bin/../lib/gcc/arm-none-eabi/4.5.1/../../../../arm-none-eabi/lib/armv6-m/libcr_semihost.a(__sys_remove.o)
 .bss           0x00000000        0x0 /usr/local/lpcxpresso_4.3.0_1025/lpcxpresso/tools/bin/../lib/gcc/arm-none-eabi/4.5.1/../../../../arm-none-eabi/lib/armv6-m/libcr_semihost.a(__sys_remove.o)
 .text          0x00000000        0x0 /usr/local/lpcxpresso_4.3.0_1025/lpcxpresso/tools/bin/../lib/gcc/arm-none-eabi/4.5.1/../../../../arm-none-eabi/lib/armv6-m/libcr_semihost.a(__sys_rename.o)
 .data          0x00000000        0x0 /usr/local/lpcxpresso_4.3.0_1025/lpcxpresso/tools/bin/../lib/gcc/arm-none-eabi/4.5.1/../../../../arm-none-eabi/lib/armv6-m/libcr_semihost.a(__sys_rename.o)
 .bss           0x00000000        0x0 /usr/local/lpcxpresso_4.3.0_1025/lpcxpresso/tools/bin/../lib/gcc/arm-none-eabi/4.5.1/../../../../arm-none-eabi/lib/armv6-m/libcr_semihost.a(__sys_rename.o)
 .text.__sys_rename
                0x00000000        0xc /usr/local/lpcxpresso_4.3.0_1025/lpcxpresso/tools/bin/../lib/gcc/arm-none-eabi/4.5.1/../../../../arm-none-eabi/lib/armv6-m/libcr_semihost.a(__sys_rename.o)
 .text          0x00000000        0x0 /usr/local/lpcxpresso_4.3.0_1025/lpcxpresso/tools/bin/../lib/gcc/arm-none-eabi/4.5.1/../../../../arm-none-eabi/lib/armv6-m/libcr_semihost.a(__sys_seek.o)
 .data          0x00000000        0x0 /usr/local/lpcxpresso_4.3.0_1025/lpcxpresso/tools/bin/../lib/gcc/arm-none-eabi/4.5.1/../../../../arm-none-eabi/lib/armv6-m/libcr_semihost.a(__sys_seek.o)
 .bss           0x00000000        0x0 /usr/local/lpcxpresso_4.3.0_1025/lpcxpresso/tools/bin/../lib/gcc/arm-none-eabi/4.5.1/../../../../arm-none-eabi/lib/armv6-m/libcr_semihost.a(__sys_seek.o)
 .text          0x00000000        0x0 /usr/local/lpcxpresso_4.3.0_1025/lpcxpresso/tools/bin/../lib/gcc/arm-none-eabi/4.5.1/../../../../arm-none-eabi/lib/armv6-m/libcr_semihost.a(__sys_tmpnam.o)
 .data          0x00000000        0x0 /usr/local/lpcxpresso_4.3.0_1025/lpcxpresso/tools/bin/../lib/gcc/arm-none-eabi/4.5.1/../../../../arm-none-eabi/lib/armv6-m/libcr_semihost.a(__sys_tmpnam.o)
 .bss           0x00000000        0x0 /usr/local/lpcxpresso_4.3.0_1025/lpcxpresso/tools/bin/../lib/gcc/arm-none-eabi/4.5.1/../../../../arm-none-eabi/lib/armv6-m/libcr_semihost.a(__sys_tmpnam.o)
 .text          0x00000000        0x0 /usr/local/lpcxpresso_4.3.0_1025/lpcxpresso/tools/bin/../lib/gcc/arm-none-eabi/4.5.1/../../../../arm-none-eabi/lib/armv6-m/libcr_semihost.a(__sys_write.o)
 .data          0x00000000        0x0 /usr/local/lpcxpresso_4.3.0_1025/lpcxpresso/tools/bin/../lib/gcc/arm-none-eabi/4.5.1/../../../../arm-none-eabi/lib/armv6-m/libcr_semihost.a(__sys_write.o)
 .bss           0x00000000        0x0 /usr/local/lpcxpresso_4.3.0_1025/lpcxpresso/tools/bin/../lib/gcc/arm-none-eabi/4.5.1/../../../../arm-none-eabi/lib/armv6-m/libcr_semihost.a(__sys_write.o)
 .text          0x00000000        0x0 /usr/local/lpcxpresso_4.3.0_1025/lpcxpresso/tools/bin/../lib/gcc/arm-none-eabi/4.5.1/../../../../arm-none-eabi/lib/armv6-m/libcr_semihost.a(_cr_sbrk.o)
 .data          0x00000000        0x0 /usr/local/lpcxpresso_4.3.0_1025/lpcxpresso/tools/bin/../lib/gcc/arm-none-eabi/4.5.1/../../../../arm-none-eabi/lib/armv6-m/libcr_semihost.a(_cr_sbrk.o)
 .bss           0x00000000        0x0 /usr/local/lpcxpresso_4.3.0_1025/lpcxpresso/tools/bin/../lib/gcc/arm-none-eabi/4.5.1/../../../../arm-none-eabi/lib/armv6-m/libcr_semihost.a(_cr_sbrk.o)
 .text          0x00000000        0x0 /usr/local/lpcxpresso_4.3.0_1025/lpcxpresso/tools/bin/../lib/gcc/arm-none-eabi/4.5.1/../../../../arm-none-eabi/lib/armv6-m/libcr_semihost.a(_cr_check_heap.o)
 .data          0x00000000        0x0 /usr/local/lpcxpresso_4.3.0_1025/lpcxpresso/tools/bin/../lib/gcc/arm-none-eabi/4.5.1/../../../../arm-none-eabi/lib/armv6-m/libcr_semihost.a(_cr_check_heap.o)
 .bss           0x00000000        0x0 /usr/local/lpcxpresso_4.3.0_1025/lpcxpresso/tools/bin/../lib/gcc/arm-none-eabi/4.5.1/../../../../arm-none-eabi/lib/armv6-m/libcr_semihost.a(_cr_check_heap.o)

Memory Configuration

Name             Origin             Length             Attributes
MFlash32         0x00000000         0x00008000         xr
RamLoc8          0x10000000         0x00002000         xrw
*default*        0x00000000         0xffffffff

Linker script and memory map

LOAD ./startup/cr_startup_lpc11.o
LOAD ./src/blinky_main.o
LOAD ./driver/adc.o
LOAD ./driver/clkconfig.o
LOAD ./driver/gpio.o
LOAD ./driver/i2c.o
LOAD ./driver/ssp.o
LOAD ./driver/timer16.o
LOAD ./driver/timer32.o
LOAD ./driver/uart.o
LOAD ./cmsis/core_cm0.o
LOAD ./cmsis/system_LPC11xx.o
START GROUP
LOAD /usr/local/lpcxpresso_4.3.0_1025/lpcxpresso/tools/bin/../lib/gcc/arm-none-eabi/4.5.1/../../../../arm-none-eabi/lib/armv6-m/libcr_semihost.a
LOAD /usr/local/lpcxpresso_4.3.0_1025/lpcxpresso/tools/bin/../lib/gcc/arm-none-eabi/4.5.1/../../../../arm-none-eabi/lib/armv6-m/libcr_c.a
LOAD /usr/local/lpcxpresso_4.3.0_1025/lpcxpresso/tools/bin/../lib/gcc/arm-none-eabi/4.5.1/armv6-m/libcr_eabihelpers.a
END GROUP
                0x00008000                __top_MFlash32 = 0x8000
                0x10002000                __top_RamLoc8 = 0x10002000

.text           0x00000000     0x12d4
 FILL mask 0xff
 *(.isr_vector)
 .isr_vector    0x00000000       0xc0 ./startup/cr_startup_lpc11.o
                0x00000000                g_pfnVectors
                0x000000c0                . = ALIGN (0x4)
                0x000000c0                __section_table_start = .
                0x000000c0                __data_section_table = .
                0x000000c0        0x4 LONG 0x12d4 LOADADDR (.data)
                0x000000c4        0x4 LONG 0x10000000 ADDR (.data)
                0x000000c8        0x4 LONG 0x4 SIZEOF (.data)
                0x000000cc                __data_section_table_end = .
                0x000000cc                __bss_section_table = .
                0x000000cc        0x4 LONG 0x10000004 ADDR (.bss)
                0x000000d0        0x4 LONG 0x1a8 SIZEOF (.bss)
                0x000000d4                __bss_section_table_end = .
                0x000000d4                __section_table_end = .
 *(.after_vectors*)
 .after_vectors
                0x000000d4      0x134 ./startup/cr_startup_lpc11.o
                0x000000d4                data_init
                0x00000118                bss_init
                0x0000014c                ResetISR
                0x000001d8                NMI_Handler
                0x000001e0                HardFault_Handler
                0x000001e8                SVC_Handler
                0x000001f0                PendSV_Handler
                0x000001f8                SysTick_Handler
                0x00000200                UART_IRQHandler
                0x00000200                TIMER32_1_IRQHandler
                0x00000200                IntDefaultHandler
                0x00000200                PIOINT1_IRQHandler
                0x00000200                CAN_IRQHandler
                0x00000200                PIOINT2_IRQHandler
                0x00000200                BOD_IRQHandler
                0x00000200                WAKEUP_IRQHandler
                0x00000200                PIOINT0_IRQHandler
                0x00000200                I2C_IRQHandler
                0x00000200                WDT_IRQHandler
                0x00000200                PIOINT3_IRQHandler
 *(.text*)
 .text.__WFI    0x00000208        0xc ./src/blinky_main.o
 .text.main     0x00000214       0x68 ./src/blinky_main.o
                0x00000214                main
 .text.ADC_IRQHandler
                0x0000027c       0xf4 ./driver/adc.o
                0x0000027c                ADC_IRQHandler
 .text.GPIOInit
                0x00000370       0x1c ./driver/gpio.o
                0x00000370                GPIOInit
 .text.GPIOSetValue
                0x0000038c       0x38 ./driver/gpio.o
                0x0000038c                GPIOSetValue
 .text.GPIOSetDir
                0x000003c4       0x74 ./driver/gpio.o
                0x000003c4                GPIOSetDir
 .text.SSP0_IRQHandler
                0x00000438       0x6c ./driver/ssp.o
                0x00000438                SSP0_IRQHandler
 .text.SSP1_IRQHandler
                0x000004a4       0x6c ./driver/ssp.o
                0x000004a4                SSP1_IRQHandler
 .text.TIMER16_0_IRQHandler
                0x00000510       0x54 ./driver/timer16.o
                0x00000510                TIMER16_0_IRQHandler
 .text.TIMER16_1_IRQHandler
                0x00000564       0x54 ./driver/timer16.o
                0x00000564                TIMER16_1_IRQHandler
 .text.NVIC_EnableIRQ
                0x000005b8       0x2c ./driver/timer32.o
 .text.TIMER32_0_IRQHandler
                0x000005e4       0x54 ./driver/timer32.o
                0x000005e4                TIMER32_0_IRQHandler
 .text.enable_timer32
                0x00000638       0x30 ./driver/timer32.o
                0x00000638                enable_timer32
 .text.init_timer32
                0x00000668      0x140 ./driver/timer32.o
                0x00000668                init_timer32
 .text.__NOP    0x000007a8        0xc ./cmsis/system_LPC11xx.o
 .text.SystemCoreClockUpdate
                0x000007b4      0x238 ./cmsis/system_LPC11xx.o
                0x000007b4                SystemCoreClockUpdate
 .text.SystemInit
                0x000009ec      0x110 ./cmsis/system_LPC11xx.o
                0x000009ec                SystemInit
 .text.__main   0x00000afc       0x12 /usr/local/lpcxpresso_4.3.0_1025/lpcxpresso/tools/bin/../lib/gcc/arm-none-eabi/4.5.1/../../../../arm-none-eabi/lib/armv6-m/libcr_semihost.a(_cr__main.o)
                0x00000afc                __main
                0x00000afc                __CR_SEMIHOST
 *fill*         0x00000b0e        0x2 00
 .text._initio  0x00000b10       0xa4 /usr/local/lpcxpresso_4.3.0_1025/lpcxpresso/tools/bin/../lib/gcc/arm-none-eabi/4.5.1/../../../../arm-none-eabi/lib/armv6-m/libcr_c.a(initio.o)
                0x00000b10                _initio
 .text.setvbuf  0x00000bb4       0x48 /usr/local/lpcxpresso_4.3.0_1025/lpcxpresso/tools/bin/../lib/gcc/arm-none-eabi/4.5.1/../../../../arm-none-eabi/lib/armv6-m/libcr_c.a(setvbuf.o)
                0x00000bb4                setvbuf
 .text.memset   0x00000bfc        0x8 /usr/local/lpcxpresso_4.3.0_1025/lpcxpresso/tools/bin/../lib/gcc/arm-none-eabi/4.5.1/../../../../arm-none-eabi/lib/armv6-m/libcr_c.a(memset.o)
                0x00000bfc                memset
 .text._deferredlazyseek
                0x00000c04       0x44 /usr/local/lpcxpresso_4.3.0_1025/lpcxpresso/tools/bin/../lib/gcc/arm-none-eabi/4.5.1/../../../../arm-none-eabi/lib/armv6-m/libcr_c.a(_deferredlazyseek.o)
                0x00000c04                _deferredlazyseek
 .text._fdopen  0x00000c48       0x6c /usr/local/lpcxpresso_4.3.0_1025/lpcxpresso/tools/bin/../lib/gcc/arm-none-eabi/4.5.1/../../../../arm-none-eabi/lib/armv6-m/libcr_c.a(_fdopen.o)
                0x00000c48                _fdopen
 .text._fflush  0x00000cb4       0x60 /usr/local/lpcxpresso_4.3.0_1025/lpcxpresso/tools/bin/../lib/gcc/arm-none-eabi/4.5.1/../../../../arm-none-eabi/lib/armv6-m/libcr_c.a(_fflush.o)
                0x00000cb4                _fflush
 .text._Cwritebuf
                0x00000d14       0x6c /usr/local/lpcxpresso_4.3.0_1025/lpcxpresso/tools/bin/../lib/gcc/arm-none-eabi/4.5.1/../../../../arm-none-eabi/lib/armv6-m/libcr_c.a(_writebuf.o)
                0x00000d14                _Cwritebuf
 .text.malloc   0x00000d80       0xbc /usr/local/lpcxpresso_4.3.0_1025/lpcxpresso/tools/bin/../lib/gcc/arm-none-eabi/4.5.1/../../../../arm-none-eabi/lib/armv6-m/libcr_c.a(alloc.o)
                0x00000d80                malloc
 .text.free     0x00000e3c        0xa /usr/local/lpcxpresso_4.3.0_1025/lpcxpresso/tools/bin/../lib/gcc/arm-none-eabi/4.5.1/../../../../arm-none-eabi/lib/armv6-m/libcr_c.a(alloc.o)
                0x00000e3c                free
 *fill*         0x00000e46        0x2 00
 .text._Csys_alloc
                0x00000e48       0x20 /usr/local/lpcxpresso_4.3.0_1025/lpcxpresso/tools/bin/../lib/gcc/arm-none-eabi/4.5.1/../../../../arm-none-eabi/lib/armv6-m/libcr_c.a(alloc.o)
                0x00000e48                _Csys_alloc
 .text.fclose   0x00000e68       0x70 /usr/local/lpcxpresso_4.3.0_1025/lpcxpresso/tools/bin/../lib/gcc/arm-none-eabi/4.5.1/../../../../arm-none-eabi/lib/armv6-m/libcr_c.a(fclose.o)
                0x00000e68                fclose
 .text.fflush   0x00000ed8       0x38 /usr/local/lpcxpresso_4.3.0_1025/lpcxpresso/tools/bin/../lib/gcc/arm-none-eabi/4.5.1/../../../../arm-none-eabi/lib/armv6-m/libcr_c.a(fflush.o)
                0x00000ed8                fflush
 .text.fseek    0x00000f10       0xf0 /usr/local/lpcxpresso_4.3.0_1025/lpcxpresso/tools/bin/../lib/gcc/arm-none-eabi/4.5.1/../../../../arm-none-eabi/lib/armv6-m/libcr_c.a(fseek.o)
                0x00000f10                fseek
 .text.ftell    0x00001000       0x50 /usr/local/lpcxpresso_4.3.0_1025/lpcxpresso/tools/bin/../lib/gcc/arm-none-eabi/4.5.1/../../../../arm-none-eabi/lib/armv6-m/libcr_c.a(ftell.o)
                0x00001000                ftell
 .text.remove   0x00001050       0x12 /usr/local/lpcxpresso_4.3.0_1025/lpcxpresso/tools/bin/../lib/gcc/arm-none-eabi/4.5.1/../../../../arm-none-eabi/lib/armv6-m/libcr_c.a(remove.o)
                0x00001050                remove
 *fill*         0x00001062        0x2 00
 .text.strlen   0x00001064       0x50 /usr/local/lpcxpresso_4.3.0_1025/lpcxpresso/tools/bin/../lib/gcc/arm-none-eabi/4.5.1/../../../../arm-none-eabi/lib/armv6-m/libcr_c.a(strlen.o)
                0x00001064                strlen
 .text._do_fflush
                0x000010b4       0x48 /usr/local/lpcxpresso_4.3.0_1025/lpcxpresso/tools/bin/../lib/gcc/arm-none-eabi/4.5.1/../../../../arm-none-eabi/lib/armv6-m/libcr_c.a(_do_fflush.o)
                0x000010b4                _do_fflush
 .text.__aeabi_division_uidivmod
                0x000010fc       0x72 /usr/local/lpcxpresso_4.3.0_1025/lpcxpresso/tools/bin/../lib/gcc/arm-none-eabi/4.5.1/armv6-m/libcr_eabihelpers.a(division.o)
                0x000010fc                __aeabi_uidiv
                0x000010fc                __aeabi_uidivmod
 .text.__aeabi_division_idiv0
                0x0000116e        0x2 /usr/local/lpcxpresso_4.3.0_1025/lpcxpresso/tools/bin/../lib/gcc/arm-none-eabi/4.5.1/armv6-m/libcr_eabihelpers.a(division.o)
                0x0000116e                __aeabi_idiv0
 .text.__aeabi_memset_lowlevel
                0x00001170       0x2a /usr/local/lpcxpresso_4.3.0_1025/lpcxpresso/tools/bin/../lib/gcc/arm-none-eabi/4.5.1/armv6-m/libcr_eabihelpers.a(memcpy.o)
                0x00001170                __aeabi_lowlevel_memset
 *fill*         0x0000119a        0x2 00
 .text.__sys_appexit
                0x0000119c        0xc /usr/local/lpcxpresso_4.3.0_1025/lpcxpresso/tools/bin/../lib/gcc/arm-none-eabi/4.5.1/../../../../arm-none-eabi/lib/armv6-m/libcr_semihost.a(__sys_appexit.o)
                0x0000119c                __exit
                0x0000119c                __sys_appexit
 .text.__sys_close
                0x000011a8        0xc /usr/local/lpcxpresso_4.3.0_1025/lpcxpresso/tools/bin/../lib/gcc/arm-none-eabi/4.5.1/../../../../arm-none-eabi/lib/armv6-m/libcr_semihost.a(__sys_close.o)
                0x000011a8                __sys_close
 .text.__sys_flen
                0x000011b4        0xc /usr/local/lpcxpresso_4.3.0_1025/lpcxpresso/tools/bin/../lib/gcc/arm-none-eabi/4.5.1/../../../../arm-none-eabi/lib/armv6-m/libcr_semihost.a(__sys_flen.o)
                0x000011b4                __sys_flen
 .text.__sys_istty
                0x000011c0        0xc /usr/local/lpcxpresso_4.3.0_1025/lpcxpresso/tools/bin/../lib/gcc/arm-none-eabi/4.5.1/../../../../arm-none-eabi/lib/armv6-m/libcr_semihost.a(__sys_istty.o)
                0x000011c0                __sys_istty
 .text.__sys_remove
                0x000011cc        0xc /usr/local/lpcxpresso_4.3.0_1025/lpcxpresso/tools/bin/../lib/gcc/arm-none-eabi/4.5.1/../../../../arm-none-eabi/lib/armv6-m/libcr_semihost.a(__sys_remove.o)
                0x000011cc                __sys_remove
 .text.__sys_seek
                0x000011d8        0xc /usr/local/lpcxpresso_4.3.0_1025/lpcxpresso/tools/bin/../lib/gcc/arm-none-eabi/4.5.1/../../../../arm-none-eabi/lib/armv6-m/libcr_semihost.a(__sys_seek.o)
                0x000011d8                __sys_seek
 .text.__sys_tmpnam
                0x000011e4        0xc /usr/local/lpcxpresso_4.3.0_1025/lpcxpresso/tools/bin/../lib/gcc/arm-none-eabi/4.5.1/../../../../arm-none-eabi/lib/armv6-m/libcr_semihost.a(__sys_tmpnam.o)
                0x000011e4                __sys_tmpnam
 .text.__sys_write
                0x000011f0        0xc /usr/local/lpcxpresso_4.3.0_1025/lpcxpresso/tools/bin/../lib/gcc/arm-none-eabi/4.5.1/../../../../arm-none-eabi/lib/armv6-m/libcr_semihost.a(__sys_write.o)
                0x000011f0                __write
                0x000011f0                __sys_write
 .text._sbrk    0x000011fc       0x40 /usr/local/lpcxpresso_4.3.0_1025/lpcxpresso/tools/bin/../lib/gcc/arm-none-eabi/4.5.1/../../../../arm-none-eabi/lib/armv6-m/libcr_semihost.a(_cr_sbrk.o)
                0x000011fc                _sbrk
 .text.__check_heap_overflow
                0x0000123c       0x2c /usr/local/lpcxpresso_4.3.0_1025/lpcxpresso/tools/bin/../lib/gcc/arm-none-eabi/4.5.1/../../../../arm-none-eabi/lib/armv6-m/libcr_semihost.a(_cr_check_heap.o)
                0x0000123c                __check_heap_overflow
 *(.rodata .rodata.*)
 .rodata.LPC_GPIO
                0x00001268       0x10 ./driver/gpio.o
 .rodata.SystemCoreClockUpdate
                0x00001278       0x40 ./cmsis/system_LPC11xx.o
 .rodata.str1.1
                0x000012b8        0x4 /usr/local/lpcxpresso_4.3.0_1025/lpcxpresso/tools/bin/../lib/gcc/arm-none-eabi/4.5.1/../../../../arm-none-eabi/lib/armv6-m/libcr_c.a(initio.o)
 .rodata.str1.1
                0x000012bc       0x18 /usr/local/lpcxpresso_4.3.0_1025/lpcxpresso/tools/bin/../lib/gcc/arm-none-eabi/4.5.1/../../../../arm-none-eabi/lib/armv6-m/libcr_c.a(alloc.o)
                0x000012d4                . = ALIGN (0x4)

.glue_7         0x000012d4        0x0
 .glue_7        0x00000000        0x0 linker stubs

.glue_7t        0x000012d4        0x0
 .glue_7t       0x00000000        0x0 linker stubs

.vfp11_veneer   0x000012d4        0x0
 .vfp11_veneer  0x00000000        0x0 linker stubs

.v4_bx          0x000012d4        0x0
 .v4_bx         0x00000000        0x0 linker stubs

.ARM.extab
 *(.ARM.extab* .gnu.linkonce.armextab.*)
                0x000012d4                __exidx_start = .

.ARM.exidx
 *(.ARM.exidx* .gnu.linkonce.armexidx.*)
                0x000012d4                __exidx_end = .
                0x000012d4                _etext = .

.uninit_RESERVED
                0x10000000        0x0
 *(.bss.$RESERVED*)
                0x10000000                . = ALIGN (0x4)
                0x10000000                _end_uninit_RESERVED = .

.data           0x10000000        0x4 load address 0x000012d4
 FILL mask 0xff
                0x10000000                _data = .
 *(vtable)
 *(.data*)
 .data.SystemCoreClock
                0x10000000        0x4 ./cmsis/system_LPC11xx.o
                0x10000000                SystemCoreClock
                0x10000004                . = ALIGN (0x4)
                0x10000004                _edata = .

.bss            0x10000004      0x1a8 load address 0x000012d8
                0x10000004                _bss = .
 *(.bss*)
 .bss.ADCIntDone
                0x10000004        0x4 ./driver/adc.o
                0x10000004                ADCIntDone
 .bss.OverRunCounter
                0x10000008        0x4 ./driver/adc.o
                0x10000008                OverRunCounter
 .bss.interruptRxStat0
                0x1000000c        0x4 ./driver/ssp.o
                0x1000000c                interruptRxStat0
 .bss.interruptOverRunStat0
                0x10000010        0x4 ./driver/ssp.o
                0x10000010                interruptOverRunStat0
 .bss.interruptRxTimeoutStat0
                0x10000014        0x4 ./driver/ssp.o
                0x10000014                interruptRxTimeoutStat0
 .bss.interruptRxStat1
                0x10000018        0x4 ./driver/ssp.o
                0x10000018                interruptRxStat1
 .bss.interruptOverRunStat1
                0x1000001c        0x4 ./driver/ssp.o
                0x1000001c                interruptOverRunStat1
 .bss.interruptRxTimeoutStat1
                0x10000020        0x4 ./driver/ssp.o
                0x10000020                interruptRxTimeoutStat1
 .bss.timer16_0_counter
                0x10000024        0x4 ./driver/timer16.o
                0x10000024                timer16_0_counter
 .bss.timer16_1_counter
                0x10000028        0x4 ./driver/timer16.o
                0x10000028                timer16_1_counter
 .bss.timer16_0_capture
                0x1000002c        0x4 ./driver/timer16.o
                0x1000002c                timer16_0_capture
 .bss.timer16_1_capture
                0x10000030        0x4 ./driver/timer16.o
                0x10000030                timer16_1_capture
 .bss.timer32_0_counter
                0x10000034        0x4 ./driver/timer32.o
                0x10000034                timer32_0_counter
 .bss.timer32_0_capture
                0x10000038        0x4 ./driver/timer32.o
                0x10000038                timer32_0_capture
 .bss.errno     0x1000003c        0x4 /usr/local/lpcxpresso_4.3.0_1025/lpcxpresso/tools/bin/../lib/gcc/arm-none-eabi/4.5.1/../../../../arm-none-eabi/lib/armv6-m/libcr_c.a(errno.o)
                0x1000003c                errno
 *(COMMON)
 COMMON         0x10000040       0x20 ./driver/adc.o
                0x10000040                ADCValue
 COMMON         0x10000060        0x4 /usr/local/lpcxpresso_4.3.0_1025/lpcxpresso/tools/bin/../lib/gcc/arm-none-eabi/4.5.1/../../../../arm-none-eabi/lib/armv6-m/libcr_c.a(initio.o)
                0x10000060                _extra
 COMMON         0x10000064      0x140 /usr/local/lpcxpresso_4.3.0_1025/lpcxpresso/tools/bin/../lib/gcc/arm-none-eabi/4.5.1/../../../../arm-none-eabi/lib/armv6-m/libcr_c.a(stdio.o)
                0x10000064                __Ciob
 COMMON         0x100001a4        0x8 /usr/local/lpcxpresso_4.3.0_1025/lpcxpresso/tools/bin/../lib/gcc/arm-none-eabi/4.5.1/../../../../arm-none-eabi/lib/armv6-m/libcr_c.a(__init_alloc.o)
                0x100001a4                __heaps
                0x100001a8                __end_of_heap
                0x100001ac                . = ALIGN (0x4)
                0x100001ac                _ebss = .
                0x100001ac                PROVIDE (end, .)
                0x100001ac                PROVIDE (_pvHeapStart, .)
                0x10002000                PROVIDE (_vStackTop, (__top_RamLoc8 - 0x0))
OUTPUT(sandbox.axf elf32-littlearm)

.debug_abbrev   0x00000000     0x105c
 .debug_abbrev  0x00000000       0xf8 ./startup/cr_startup_lpc11.o
 .debug_abbrev  0x000000f8      0x117 ./src/blinky_main.o
 .debug_abbrev  0x0000020f      0x19b ./driver/adc.o
 .debug_abbrev  0x000003aa       0xb2 ./driver/clkconfig.o
 .debug_abbrev  0x0000045c      0x192 ./driver/gpio.o
 .debug_abbrev  0x000005ee      0x18e ./driver/i2c.o
 .debug_abbrev  0x0000077c      0x1fa ./driver/ssp.o
 .debug_abbrev  0x00000976      0x1ca ./driver/timer16.o
 .debug_abbrev  0x00000b40      0x18a ./driver/timer32.o
 .debug_abbrev  0x00000cca      0x19f ./driver/uart.o
 .debug_abbrev  0x00000e69       0xd0 ./cmsis/core_cm0.o
 .debug_abbrev  0x00000f39      0x123 ./cmsis/system_LPC11xx.o

.debug_info     0x00000000     0x6677
 .debug_info    0x00000000      0x292 ./startup/cr_startup_lpc11.o
 .debug_info    0x00000292      0x233 ./src/blinky_main.o
 .debug_info    0x000004c5      0xb20 ./driver/adc.o
 .debug_info    0x00000fe5      0x4fd ./driver/clkconfig.o
 .debug_info    0x000014e2      0x7fb ./driver/gpio.o
 .debug_info    0x00001cdd      0xc36 ./driver/i2c.o
 .debug_info    0x00002913      0xd9f ./driver/ssp.o
 .debug_info    0x000036b2      0xe60 ./driver/timer16.o
 .debug_info    0x00004512      0xcd1 ./driver/timer32.o
 .debug_info    0x000051e3      0xc68 ./driver/uart.o
 .debug_info    0x00005e4b      0x2ab ./cmsis/core_cm0.o
 .debug_info    0x000060f6      0x581 ./cmsis/system_LPC11xx.o

.debug_line     0x00000000     0x345c
 .debug_line    0x00000000      0x3df ./startup/cr_startup_lpc11.o
 .debug_line    0x000003df      0x41c ./src/blinky_main.o
 .debug_line    0x000007fb      0x455 ./driver/adc.o
 .debug_line    0x00000c50      0x3ed ./driver/clkconfig.o
 .debug_line    0x0000103d      0x4b0 ./driver/gpio.o
 .debug_line    0x000014ed      0x442 ./driver/i2c.o
 .debug_line    0x0000192f      0x4e8 ./driver/ssp.o
 .debug_line    0x00001e17      0x503 ./driver/timer16.o
 .debug_line    0x0000231a      0x4eb ./driver/timer32.o
 .debug_line    0x00002805      0x44f ./driver/uart.o
 .debug_line    0x00002c54      0x3eb ./cmsis/core_cm0.o
 .debug_line    0x0000303f      0x41d ./cmsis/system_LPC11xx.o

.debug_macinfo  0x00000000    0x3bcd0
 .debug_macinfo
                0x00000000     0x32c8 ./startup/cr_startup_lpc11.o
 .debug_macinfo
                0x000032c8     0x5573 ./src/blinky_main.o
 .debug_macinfo
                0x0000883b     0x57f6 ./driver/adc.o
 .debug_macinfo
                0x0000e031     0x5502 ./driver/clkconfig.o
 .debug_macinfo
                0x00013533     0x5476 ./driver/gpio.o
 .debug_macinfo
                0x000189a9     0x5758 ./driver/i2c.o
 .debug_macinfo
                0x0001e101     0x580e ./driver/ssp.o
 .debug_macinfo
                0x0002390f     0x5528 ./driver/timer16.o
 .debug_macinfo
                0x00028e37     0x54f0 ./driver/timer32.o
 .debug_macinfo
                0x0002e327     0x5608 ./driver/uart.o
 .debug_macinfo
                0x0003392f     0x3082 ./cmsis/core_cm0.o
 .debug_macinfo
                0x000369b1     0x531f ./cmsis/system_LPC11xx.o

.debug_loc      0x00000000      0xef4
 .debug_loc     0x00000000      0x1b0 ./startup/cr_startup_lpc11.o
 .debug_loc     0x000001b0       0x58 ./src/blinky_main.o
 .debug_loc     0x00000208      0x10c ./driver/adc.o
 .debug_loc     0x00000314       0x70 ./driver/clkconfig.o
 .debug_loc     0x00000384      0x1b4 ./driver/gpio.o
 .debug_loc     0x00000538      0x100 ./driver/i2c.o
 .debug_loc     0x00000638      0x188 ./driver/ssp.o
 .debug_loc     0x000007c0      0x218 ./driver/timer16.o
 .debug_loc     0x000009d8      0x1ec ./driver/timer32.o
 .debug_loc     0x00000bc4      0x10c ./driver/uart.o
 .debug_loc     0x00000cd0      0x188 ./cmsis/core_cm0.o
 .debug_loc     0x00000e58       0x9c ./cmsis/system_LPC11xx.o

.debug_pubnames
                0x00000000      0x7eb
 .debug_pubnames
                0x00000000       0xbe ./startup/cr_startup_lpc11.o
 .debug_pubnames
                0x000000be       0x1b ./src/blinky_main.o
 .debug_pubnames
                0x000000d9       0x7d ./driver/adc.o
 .debug_pubnames
                0x00000156       0x35 ./driver/clkconfig.o
 .debug_pubnames
                0x0000018b       0x9c ./driver/gpio.o
 .debug_pubnames
                0x00000227       0xf3 ./driver/i2c.o
 .debug_pubnames
                0x0000031a      0x10b ./driver/ssp.o
 .debug_pubnames
                0x00000425      0x148 ./driver/timer16.o
 .debug_pubnames
                0x0000056d      0x105 ./driver/timer32.o
 .debug_pubnames
                0x00000672       0x76 ./driver/uart.o
 .debug_pubnames
                0x000006e8       0xb4 ./cmsis/core_cm0.o
 .debug_pubnames
                0x0000079c       0x4f ./cmsis/system_LPC11xx.o

.debug_pubtypes
                0x00000000      0x4df
 .debug_pubtypes
                0x00000000       0x12 ./startup/cr_startup_lpc11.o
 .debug_pubtypes
                0x00000012       0x34 ./src/blinky_main.o
 .debug_pubtypes
                0x00000046       0x91 ./driver/adc.o
 .debug_pubtypes
                0x000000d7       0x36 ./driver/clkconfig.o
 .debug_pubtypes
                0x0000010d       0x4b ./driver/gpio.o
 .debug_pubtypes
                0x00000158       0x91 ./driver/i2c.o
 .debug_pubtypes
                0x000001e9       0xa6 ./driver/ssp.o
 .debug_pubtypes
                0x0000028f       0xb3 ./driver/timer16.o
 .debug_pubtypes
                0x00000342       0x91 ./driver/timer32.o
 .debug_pubtypes
                0x000003d3       0x92 ./driver/uart.o
 .debug_pubtypes
                0x00000465       0x44 ./cmsis/core_cm0.o
 .debug_pubtypes
                0x000004a9       0x36 ./cmsis/system_LPC11xx.o

.debug_aranges  0x00000000      0x380
 .debug_aranges
                0x00000000       0x60 ./startup/cr_startup_lpc11.o
 .debug_aranges
                0x00000060       0x28 ./src/blinky_main.o
 .debug_aranges
                0x00000088       0x40 ./driver/adc.o
 .debug_aranges
                0x000000c8       0x28 ./driver/clkconfig.o
 .debug_aranges
                0x000000f0       0x58 ./driver/gpio.o
 .debug_aranges
                0x00000148       0x40 ./driver/i2c.o
 .debug_aranges
                0x00000188       0x50 ./driver/ssp.o
 .debug_aranges
                0x000001d8       0x68 ./driver/timer16.o
 .debug_aranges
                0x00000240       0x60 ./driver/timer32.o
 .debug_aranges
                0x000002a0       0x40 ./driver/uart.o
 .debug_aranges
                0x000002e0       0x70 ./cmsis/core_cm0.o
 .debug_aranges
                0x00000350       0x30 ./cmsis/system_LPC11xx.o

.debug_ranges   0x00000000      0x2c0
 .debug_ranges  0x00000000       0x50 ./startup/cr_startup_lpc11.o
 .debug_ranges  0x00000050       0x18 ./src/blinky_main.o
 .debug_ranges  0x00000068       0x30 ./driver/adc.o
 .debug_ranges  0x00000098       0x18 ./driver/clkconfig.o
 .debug_ranges  0x000000b0       0x48 ./driver/gpio.o
 .debug_ranges  0x000000f8       0x30 ./driver/i2c.o
 .debug_ranges  0x00000128       0x40 ./driver/ssp.o
 .debug_ranges  0x00000168       0x58 ./driver/timer16.o
 .debug_ranges  0x000001c0       0x50 ./driver/timer32.o
 .debug_ranges  0x00000210       0x30 ./driver/uart.o
 .debug_ranges  0x00000240       0x60 ./cmsis/core_cm0.o
 .debug_ranges  0x000002a0       0x20 ./cmsis/system_LPC11xx.o

.debug_str      0x00000000      0xff9
 .debug_str     0x00000000      0x1ba ./startup/cr_startup_lpc11.o
                                0x1e2 (size before relaxing)
 .debug_str     0x000001ba       0x8c ./src/blinky_main.o
                                0x136 (size before relaxing)
 .debug_str     0x00000246      0x6ab ./driver/adc.o
                                0x78c (size before relaxing)
 .debug_str     0x000008f1       0x38 ./driver/clkconfig.o
                                0x38a (size before relaxing)
 .debug_str     0x00000929       0xa5 ./driver/gpio.o
                                0x42b (size before relaxing)
 .debug_str     0x000009ce      0x12b ./driver/i2c.o
                                0x818 (size before relaxing)
 .debug_str     0x00000af9      0x102 ./driver/ssp.o
                                0x826 (size before relaxing)
 .debug_str     0x00000bfb      0x17b ./driver/timer16.o
                                0x8a5 (size before relaxing)
 .debug_str     0x00000d76       0xc5 ./driver/timer32.o
                                0x835 (size before relaxing)
 .debug_str     0x00000e3b       0xb6 ./driver/uart.o
                                0x7bc (size before relaxing)
 .debug_str     0x00000ef1       0xbf ./cmsis/core_cm0.o
                                0x191 (size before relaxing)
 .debug_str     0x00000fb0       0x49 ./cmsis/system_LPC11xx.o
                                0x3b8 (size before relaxing)

.comment        0x00000000       0x2a
 .comment       0x00000000       0x2a ./startup/cr_startup_lpc11.o
                                 0x2b (size before relaxing)
 .comment       0x00000000       0x2b ./src/blinky_main.o
 .comment       0x00000000       0x2b ./driver/adc.o
 .comment       0x00000000       0x2b ./driver/clkconfig.o
 .comment       0x00000000       0x2b ./driver/gpio.o
 .comment       0x00000000       0x2b ./driver/i2c.o
 .comment       0x00000000       0x2b ./driver/ssp.o
 .comment       0x00000000       0x2b ./driver/timer16.o
 .comment       0x00000000       0x2b ./driver/timer32.o
 .comment       0x00000000       0x2b ./driver/uart.o
 .comment       0x00000000       0x2b ./cmsis/core_cm0.o
 .comment       0x00000000       0x2b ./cmsis/system_LPC11xx.o
 .comment       0x00000000       0x2b /usr/local/lpcxpresso_4.3.0_1025/lpcxpresso/tools/bin/../lib/gcc/arm-none-eabi/4.5.1/../../../../arm-none-eabi/lib/armv6-m/libcr_semihost.a(_cr__main.o)
 .comment       0x00000000       0x2b /usr/local/lpcxpresso_4.3.0_1025/lpcxpresso/tools/bin/../lib/gcc/arm-none-eabi/4.5.1/../../../../arm-none-eabi/lib/armv6-m/libcr_c.a(initio.o)
 .comment       0x00000000       0x2b /usr/local/lpcxpresso_4.3.0_1025/lpcxpresso/tools/bin/../lib/gcc/arm-none-eabi/4.5.1/../../../../arm-none-eabi/lib/armv6-m/libcr_c.a(setvbuf.o)
 .comment       0x00000000       0x2b /usr/local/lpcxpresso_4.3.0_1025/lpcxpresso/tools/bin/../lib/gcc/arm-none-eabi/4.5.1/../../../../arm-none-eabi/lib/armv6-m/libcr_c.a(stdio.o)
 .comment       0x00000000       0x2b /usr/local/lpcxpresso_4.3.0_1025/lpcxpresso/tools/bin/../lib/gcc/arm-none-eabi/4.5.1/../../../../arm-none-eabi/lib/armv6-m/libcr_c.a(memset.o)
 .comment       0x00000000       0x2b /usr/local/lpcxpresso_4.3.0_1025/lpcxpresso/tools/bin/../lib/gcc/arm-none-eabi/4.5.1/../../../../arm-none-eabi/lib/armv6-m/libcr_c.a(__fillbuf.o)
 .comment       0x00000000       0x2b /usr/local/lpcxpresso_4.3.0_1025/lpcxpresso/tools/bin/../lib/gcc/arm-none-eabi/4.5.1/../../../../arm-none-eabi/lib/armv6-m/libcr_c.a(_deferredlazyseek.o)
 .comment       0x00000000       0x2b /usr/local/lpcxpresso_4.3.0_1025/lpcxpresso/tools/bin/../lib/gcc/arm-none-eabi/4.5.1/../../../../arm-none-eabi/lib/armv6-m/libcr_c.a(_fdopen.o)
 .comment       0x00000000       0x2b /usr/local/lpcxpresso_4.3.0_1025/lpcxpresso/tools/bin/../lib/gcc/arm-none-eabi/4.5.1/../../../../arm-none-eabi/lib/armv6-m/libcr_c.a(_fflush.o)
 .comment       0x00000000       0x2b /usr/local/lpcxpresso_4.3.0_1025/lpcxpresso/tools/bin/../lib/gcc/arm-none-eabi/4.5.1/../../../../arm-none-eabi/lib/armv6-m/libcr_c.a(_writebuf.o)
 .comment       0x00000000       0x2b /usr/local/lpcxpresso_4.3.0_1025/lpcxpresso/tools/bin/../lib/gcc/arm-none-eabi/4.5.1/../../../../arm-none-eabi/lib/armv6-m/libcr_c.a(alloc.o)
 .comment       0x00000000       0x2b /usr/local/lpcxpresso_4.3.0_1025/lpcxpresso/tools/bin/../lib/gcc/arm-none-eabi/4.5.1/../../../../arm-none-eabi/lib/armv6-m/libcr_c.a(fclose.o)
 .comment       0x00000000       0x2b /usr/local/lpcxpresso_4.3.0_1025/lpcxpresso/tools/bin/../lib/gcc/arm-none-eabi/4.5.1/../../../../arm-none-eabi/lib/armv6-m/libcr_c.a(fflush.o)
 .comment       0x00000000       0x2b /usr/local/lpcxpresso_4.3.0_1025/lpcxpresso/tools/bin/../lib/gcc/arm-none-eabi/4.5.1/../../../../arm-none-eabi/lib/armv6-m/libcr_c.a(fseek.o)
 .comment       0x00000000       0x2b /usr/local/lpcxpresso_4.3.0_1025/lpcxpresso/tools/bin/../lib/gcc/arm-none-eabi/4.5.1/../../../../arm-none-eabi/lib/armv6-m/libcr_c.a(ftell.o)
 .comment       0x00000000       0x2b /usr/local/lpcxpresso_4.3.0_1025/lpcxpresso/tools/bin/../lib/gcc/arm-none-eabi/4.5.1/../../../../arm-none-eabi/lib/armv6-m/libcr_c.a(remove.o)
 .comment       0x00000000       0x2b /usr/local/lpcxpresso_4.3.0_1025/lpcxpresso/tools/bin/../lib/gcc/arm-none-eabi/4.5.1/../../../../arm-none-eabi/lib/armv6-m/libcr_c.a(strlen.o)
 .comment       0x00000000       0x2b /usr/local/lpcxpresso_4.3.0_1025/lpcxpresso/tools/bin/../lib/gcc/arm-none-eabi/4.5.1/../../../../arm-none-eabi/lib/armv6-m/libcr_c.a(memcpy.o)
 .comment       0x00000000       0x2b /usr/local/lpcxpresso_4.3.0_1025/lpcxpresso/tools/bin/../lib/gcc/arm-none-eabi/4.5.1/../../../../arm-none-eabi/lib/armv6-m/libcr_c.a(__init_alloc.o)
 .comment       0x00000000       0x2b /usr/local/lpcxpresso_4.3.0_1025/lpcxpresso/tools/bin/../lib/gcc/arm-none-eabi/4.5.1/../../../../arm-none-eabi/lib/armv6-m/libcr_c.a(_do_fflush.o)
 .comment       0x00000000       0x2b /usr/local/lpcxpresso_4.3.0_1025/lpcxpresso/tools/bin/../lib/gcc/arm-none-eabi/4.5.1/../../../../arm-none-eabi/lib/armv6-m/libcr_c.a(errno.o)
 .comment       0x00000000       0x2b /usr/local/lpcxpresso_4.3.0_1025/lpcxpresso/tools/bin/../lib/gcc/arm-none-eabi/4.5.1/../../../../arm-none-eabi/lib/armv6-m/libcr_semihost.a(_cr_sbrk.o)
 .comment       0x00000000       0x2b /usr/local/lpcxpresso_4.3.0_1025/lpcxpresso/tools/bin/../lib/gcc/arm-none-eabi/4.5.1/../../../../arm-none-eabi/lib/armv6-m/libcr_semihost.a(_cr_check_heap.o)

.ARM.attributes
                0x00000000       0x31
 .ARM.attributes
                0x00000000       0x33 ./startup/cr_startup_lpc11.o
 .ARM.attributes
                0x00000033       0x33 ./src/blinky_main.o
 .ARM.attributes
                0x00000066       0x33 ./driver/adc.o
 .ARM.attributes
                0x00000099       0x33 ./driver/clkconfig.o
 .ARM.attributes
                0x000000cc       0x33 ./driver/gpio.o
 .ARM.attributes
                0x000000ff       0x33 ./driver/i2c.o
 .ARM.attributes
                0x00000132       0x33 ./driver/ssp.o
 .ARM.attributes
                0x00000165       0x33 ./driver/timer16.o
 .ARM.attributes
                0x00000198       0x33 ./driver/timer32.o
 .ARM.attributes
                0x000001cb       0x33 ./driver/uart.o
 .ARM.attributes
                0x000001fe       0x33 ./cmsis/core_cm0.o
 .ARM.attributes
                0x00000231       0x33 ./cmsis/system_LPC11xx.o
 .ARM.attributes
                0x00000264       0x33 /usr/local/lpcxpresso_4.3.0_1025/lpcxpresso/tools/bin/../lib/gcc/arm-none-eabi/4.5.1/../../../../arm-none-eabi/lib/armv6-m/libcr_semihost.a(_cr__main.o)
 .ARM.attributes
                0x00000297       0x33 /usr/local/lpcxpresso_4.3.0_1025/lpcxpresso/tools/bin/../lib/gcc/arm-none-eabi/4.5.1/../../../../arm-none-eabi/lib/armv6-m/libcr_c.a(initio.o)
 .ARM.attributes
                0x000002ca       0x33 /usr/local/lpcxpresso_4.3.0_1025/lpcxpresso/tools/bin/../lib/gcc/arm-none-eabi/4.5.1/../../../../arm-none-eabi/lib/armv6-m/libcr_c.a(setvbuf.o)
 .ARM.attributes
                0x000002fd       0x33 /usr/local/lpcxpresso_4.3.0_1025/lpcxpresso/tools/bin/../lib/gcc/arm-none-eabi/4.5.1/../../../../arm-none-eabi/lib/armv6-m/libcr_c.a(stdio.o)
 .ARM.attributes
                0x00000330       0x33 /usr/local/lpcxpresso_4.3.0_1025/lpcxpresso/tools/bin/../lib/gcc/arm-none-eabi/4.5.1/../../../../arm-none-eabi/lib/armv6-m/libcr_c.a(memset.o)
 .ARM.attributes
                0x00000363       0x33 /usr/local/lpcxpresso_4.3.0_1025/lpcxpresso/tools/bin/../lib/gcc/arm-none-eabi/4.5.1/../../../../arm-none-eabi/lib/armv6-m/libcr_c.a(__fillbuf.o)
 .ARM.attributes
                0x00000396       0x33 /usr/local/lpcxpresso_4.3.0_1025/lpcxpresso/tools/bin/../lib/gcc/arm-none-eabi/4.5.1/../../../../arm-none-eabi/lib/armv6-m/libcr_c.a(_deferredlazyseek.o)
 .ARM.attributes
                0x000003c9       0x33 /usr/local/lpcxpresso_4.3.0_1025/lpcxpresso/tools/bin/../lib/gcc/arm-none-eabi/4.5.1/../../../../arm-none-eabi/lib/armv6-m/libcr_c.a(_fdopen.o)
 .ARM.attributes
                0x000003fc       0x33 /usr/local/lpcxpresso_4.3.0_1025/lpcxpresso/tools/bin/../lib/gcc/arm-none-eabi/4.5.1/../../../../arm-none-eabi/lib/armv6-m/libcr_c.a(_fflush.o)
 .ARM.attributes
                0x0000042f       0x33 /usr/local/lpcxpresso_4.3.0_1025/lpcxpresso/tools/bin/../lib/gcc/arm-none-eabi/4.5.1/../../../../arm-none-eabi/lib/armv6-m/libcr_c.a(_writebuf.o)
 .ARM.attributes
                0x00000462       0x33 /usr/local/lpcxpresso_4.3.0_1025/lpcxpresso/tools/bin/../lib/gcc/arm-none-eabi/4.5.1/../../../../arm-none-eabi/lib/armv6-m/libcr_c.a(alloc.o)
 .ARM.attributes
                0x00000495       0x33 /usr/local/lpcxpresso_4.3.0_1025/lpcxpresso/tools/bin/../lib/gcc/arm-none-eabi/4.5.1/../../../../arm-none-eabi/lib/armv6-m/libcr_c.a(fclose.o)
 .ARM.attributes
                0x000004c8       0x33 /usr/local/lpcxpresso_4.3.0_1025/lpcxpresso/tools/bin/../lib/gcc/arm-none-eabi/4.5.1/../../../../arm-none-eabi/lib/armv6-m/libcr_c.a(fflush.o)
 .ARM.attributes
                0x000004fb       0x33 /usr/local/lpcxpresso_4.3.0_1025/lpcxpresso/tools/bin/../lib/gcc/arm-none-eabi/4.5.1/../../../../arm-none-eabi/lib/armv6-m/libcr_c.a(fseek.o)
 .ARM.attributes
                0x0000052e       0x33 /usr/local/lpcxpresso_4.3.0_1025/lpcxpresso/tools/bin/../lib/gcc/arm-none-eabi/4.5.1/../../../../arm-none-eabi/lib/armv6-m/libcr_c.a(ftell.o)
 .ARM.attributes
                0x00000561       0x33 /usr/local/lpcxpresso_4.3.0_1025/lpcxpresso/tools/bin/../lib/gcc/arm-none-eabi/4.5.1/../../../../arm-none-eabi/lib/armv6-m/libcr_c.a(remove.o)
 .ARM.attributes
                0x00000594       0x33 /usr/local/lpcxpresso_4.3.0_1025/lpcxpresso/tools/bin/../lib/gcc/arm-none-eabi/4.5.1/../../../../arm-none-eabi/lib/armv6-m/libcr_c.a(strlen.o)
 .ARM.attributes
                0x000005c7       0x33 /usr/local/lpcxpresso_4.3.0_1025/lpcxpresso/tools/bin/../lib/gcc/arm-none-eabi/4.5.1/../../../../arm-none-eabi/lib/armv6-m/libcr_c.a(memcpy.o)
 .ARM.attributes
                0x000005fa       0x33 /usr/local/lpcxpresso_4.3.0_1025/lpcxpresso/tools/bin/../lib/gcc/arm-none-eabi/4.5.1/../../../../arm-none-eabi/lib/armv6-m/libcr_c.a(__init_alloc.o)
 .ARM.attributes
                0x0000062d       0x33 /usr/local/lpcxpresso_4.3.0_1025/lpcxpresso/tools/bin/../lib/gcc/arm-none-eabi/4.5.1/../../../../arm-none-eabi/lib/armv6-m/libcr_c.a(_do_fflush.o)
 .ARM.attributes
                0x00000660       0x33 /usr/local/lpcxpresso_4.3.0_1025/lpcxpresso/tools/bin/../lib/gcc/arm-none-eabi/4.5.1/../../../../arm-none-eabi/lib/armv6-m/libcr_c.a(errno.o)
 .ARM.attributes
                0x00000693       0x23 /usr/local/lpcxpresso_4.3.0_1025/lpcxpresso/tools/bin/../lib/gcc/arm-none-eabi/4.5.1/armv6-m/libcr_eabihelpers.a(division.o)
 .ARM.attributes
                0x000006b6       0x23 /usr/local/lpcxpresso_4.3.0_1025/lpcxpresso/tools/bin/../lib/gcc/arm-none-eabi/4.5.1/armv6-m/libcr_eabihelpers.a(memcpy.o)
 .ARM.attributes
                0x000006d9       0x23 /usr/local/lpcxpresso_4.3.0_1025/lpcxpresso/tools/bin/../lib/gcc/arm-none-eabi/4.5.1/../../../../arm-none-eabi/lib/armv6-m/libcr_semihost.a(__sys_appexit.o)
 .ARM.attributes
                0x000006fc       0x23 /usr/local/lpcxpresso_4.3.0_1025/lpcxpresso/tools/bin/../lib/gcc/arm-none-eabi/4.5.1/../../../../arm-none-eabi/lib/armv6-m/libcr_semihost.a(__sys_close.o)
 .ARM.attributes
                0x0000071f       0x23 /usr/local/lpcxpresso_4.3.0_1025/lpcxpresso/tools/bin/../lib/gcc/arm-none-eabi/4.5.1/../../../../arm-none-eabi/lib/armv6-m/libcr_semihost.a(__sys_flen.o)
 .ARM.attributes
                0x00000742       0x23 /usr/local/lpcxpresso_4.3.0_1025/lpcxpresso/tools/bin/../lib/gcc/arm-none-eabi/4.5.1/../../../../arm-none-eabi/lib/armv6-m/libcr_semihost.a(__sys_istty.o)
 .ARM.attributes
                0x00000765       0x23 /usr/local/lpcxpresso_4.3.0_1025/lpcxpresso/tools/bin/../lib/gcc/arm-none-eabi/4.5.1/../../../../arm-none-eabi/lib/armv6-m/libcr_semihost.a(__sys_read.o)
 .ARM.attributes
                0x00000788       0x23 /usr/local/lpcxpresso_4.3.0_1025/lpcxpresso/tools/bin/../lib/gcc/arm-none-eabi/4.5.1/../../../../arm-none-eabi/lib/armv6-m/libcr_semihost.a(__sys_readc.o)
 .ARM.attributes
                0x000007ab       0x23 /usr/local/lpcxpresso_4.3.0_1025/lpcxpresso/tools/bin/../lib/gcc/arm-none-eabi/4.5.1/../../../../arm-none-eabi/lib/armv6-m/libcr_semihost.a(__sys_remove.o)
 .ARM.attributes
                0x000007ce       0x23 /usr/local/lpcxpresso_4.3.0_1025/lpcxpresso/tools/bin/../lib/gcc/arm-none-eabi/4.5.1/../../../../arm-none-eabi/lib/armv6-m/libcr_semihost.a(__sys_rename.o)
 .ARM.attributes
                0x000007f1       0x23 /usr/local/lpcxpresso_4.3.0_1025/lpcxpresso/tools/bin/../lib/gcc/arm-none-eabi/4.5.1/../../../../arm-none-eabi/lib/armv6-m/libcr_semihost.a(__sys_seek.o)
 .ARM.attributes
                0x00000814       0x23 /usr/local/lpcxpresso_4.3.0_1025/lpcxpresso/tools/bin/../lib/gcc/arm-none-eabi/4.5.1/../../../../arm-none-eabi/lib/armv6-m/libcr_semihost.a(__sys_tmpnam.o)
 .ARM.attributes
                0x00000837       0x23 /usr/local/lpcxpresso_4.3.0_1025/lpcxpresso/tools/bin/../lib/gcc/arm-none-eabi/4.5.1/../../../../arm-none-eabi/lib/armv6-m/libcr_semihost.a(__sys_write.o)
 .ARM.attributes
                0x0000085a       0x33 /usr/local/lpcxpresso_4.3.0_1025/lpcxpresso/tools/bin/../lib/gcc/arm-none-eabi/4.5.1/../../../../arm-none-eabi/lib/armv6-m/libcr_semihost.a(_cr_sbrk.o)
 .ARM.attributes
                0x0000088d       0x33 /usr/local/lpcxpresso_4.3.0_1025/lpcxpresso/tools/bin/../lib/gcc/arm-none-eabi/4.5.1/../../../../arm-none-eabi/lib/armv6-m/libcr_semihost.a(_cr_check_heap.o)

.debug_frame    0x00000000      0x9bc
 .debug_frame   0x00000000      0x118 ./startup/cr_startup_lpc11.o
 .debug_frame   0x00000118       0x48 ./src/blinky_main.o
 .debug_frame   0x00000160       0xac ./driver/adc.o
 .debug_frame   0x0000020c       0x50 ./driver/clkconfig.o
 .debug_frame   0x0000025c      0x10c ./driver/gpio.o
 .debug_frame   0x00000368       0xa8 ./driver/i2c.o
 .debug_frame   0x00000410       0xf0 ./driver/ssp.o
 .debug_frame   0x00000500      0x148 ./driver/timer16.o
 .debug_frame   0x00000648      0x12c ./driver/timer32.o
 .debug_frame   0x00000774       0xac ./driver/uart.o
 .debug_frame   0x00000820      0x130 ./cmsis/core_cm0.o
 .debug_frame   0x00000950       0x6c ./cmsis/system_LPC11xx.o
